<html>
<body>
<pre>
<h1>µVision Build Log</h1>
<h2>Tool Versions:</h2>
IDE-Version: ¦ÌVision V5.34.0.0
Copyright (C) 2021 ARM Ltd and ARM Germany GmbH. All rights reserved.
License Information: yk w, wyk, LIC=14HV2-9UAME-LQC0Q-NADNC-3FT8C-M9IJP
 
Tool Versions:
Toolchain:       MDK-ARM Plus  Version: 5.34.0.0
Toolchain Path:  D:\keil_v5\ARM\ARMCC\Bin
C Compiler:      Armcc.exe V5.06 update 7 (build 960)
Assembler:       Armasm.exe V5.06 update 7 (build 960)
Linker/Locator:  ArmLink.exe V5.06 update 7 (build 960)
Library Manager: ArmAr.exe V5.06 update 7 (build 960)
Hex Converter:   FromElf.exe V5.06 update 7 (build 960)
CPU DLL:         SARMCM3.DLL V5.34.0.0
Dialog DLL:      DCM.DLL V1.17.3.0
Target DLL:      Segger\JL2CM3.dll V2.99.38.0
Dialog DLL:      TCM.DLL V1.48.0.0
 
<h2>Project:</h2>
C:\Users\Admin\Desktop\415_uCOSIII-boot-OTA23072701\415_uCOSIII-boot-OTA23072701\Project\AT_START_F415\Examples\GPIO\LED_Toggle\MDK_v5\LED.uvprojx
Project File Date:  04/15/2024

<h2>Output:</h2>
*** Using Compiler 'V5.06 update 7 (build 960)', folder: 'D:\keil_v5\ARM\ARMCC\Bin'
Build target 'LED'
assembling startup_at32f415cbt7.s...
compiling at32f4xx_it.c...
compiling at32f4xx_usart.c...
compiling misc.c...
compiling system_at32f4xx.c...
compiling at32f4xx_gpio.c...
compiling at32f4xx_rcc.c...
compiling main.c...
compiling at32f4xx_adc.c...
compiling at32f4xx_i2c.c...
compiling at32f4xx_dma.c...
compiling at32f4xx_flash.c...
compiling at32f4xx_spi.c...
compiling at32f4xx_pwr.c...
assembling os_cpu_a.asm...
compiling at32f4xx_ertc.c...
compiling os_cpu_c.c...
compiling lib_ascii.c...
compiling lib_math.c...
assembling lib_mem_a.asm...
compiling lib_mem.c...
compiling lib_str.c...
compiling os_cfg_app.c...
compiling os_dbg.c...
compiling at32f4xx_iwdg.c...
compiling os_core.c...
compiling at32_board.c...
compiling os_flag.c...
compiling os_int.c...
compiling at32f4xx_tim.c...
compiling os_mem.c...
compiling os_msg.c...
compiling os_prio.c...
compiling os_pend_multi.c...
compiling os_mutex.c...
compiling os_q.c...
compiling os_sem.c...
compiling os_stat.c...
compiling os_tick.c...
compiling os_time.c...
assembling cpu_a.asm...
compiling os_var.c...
compiling os_tmr.c...
compiling os_task.c...
compiling cpu_c.c...
compiling cpu_core.c...
compiling bsp.c...
compiling bsp_periph.c...
compiling bsp_int.c...
compiling flashdispos.c...
compiling SPI1.c...
compiling device.c...
compiling ertc.c...
compiling delay.c...
compiling at32f4xx_exti.c...
compiling spi_flash.c...
linking...
Program Size: Code=8468 RO-data=644 RW-data=192 ZI-data=11064  
FromELF: creating hex file...
".\Objects\LED.axf" - 0 Error(s), 0 Warning(s).

<h2>Software Packages used:</h2>

Package Vendor: ArteryTek
                
                ArteryTek.AT32F415_DFP.2.0.7
                ArteryTek AT32F415 Series Device Support,Drivers

<h2>Collection of Component include folders:</h2>
  D:\keil_v5\ArteryTek\AT32F415_DFP\2.0.7\Device\Include

<h2>Collection of Component Files used:</h2>
Build Time Elapsed:  00:00:06
</pre>
</body>
</html>
