Component: ARM Compiler 5.06 update 7 (build 960) Tool: armlink [4d3601]

==============================================================================

Section Cross References

    main.o(i.FLASH_WriteMoreData) refers to at32f4xx_flash.o(i.FLASH_Unlock) for FLASH_Unlock
    main.o(i.FLASH_WriteMoreData) refers to at32f4xx_flash.o(i.FLASH_ErasePage) for FLASH_ErasePage
    main.o(i.FLASH_WriteMoreData) refers to at32f4xx_flash.o(i.FLASH_ProgramByte) for FLASH_ProgramByte
    main.o(i.FLASH_WriteMoreData) refers to at32f4xx_flash.o(i.FLASH_Lock) for FLASH_Lock
    main.o(i.JumpToProgramCode) refers to main.o(.data) for JumpAddress
    main.o(i.main) refers to spi_flash.o(i.Spi_Flash_Io_Init) for Spi_Flash_Io_Init
    main.o(i.main) refers to spi_flash.o(i.FLASH_Init) for FLASH_Init
    main.o(i.main) refers to delay.o(i.delay_init) for delay_init
    main.o(i.main) refers to device.o(i.Mcu_Io_Init) for Mcu_Io_Init
    main.o(i.main) refers to delay.o(i.delay_m) for delay_m
    main.o(i.main) refers to flashdispos.o(i.fal_partition_read) for fal_partition_read
    main.o(i.main) refers to device.o(i.SystemReset) for SystemReset
    main.o(i.main) refers to main.o(i.FLASH_WriteMoreData) for FLASH_WriteMoreData
    main.o(i.main) refers to flashdispos.o(i.fal_partition_write) for fal_partition_write
    main.o(i.main) refers to at32f4xx_gpio.o(i.GPIO_SetBits) for GPIO_SetBits
    main.o(i.main) refers to at32f4xx_gpio.o(i.GPIO_ResetBits) for GPIO_ResetBits
    main.o(i.main) refers to main.o(.bss) for buf
    system_at32f4xx.o(i.SetSysClock) refers to system_at32f4xx.o(i.SetSysClockTo144M) for SetSysClockTo144M
    system_at32f4xx.o(i.SetSysClockTo144M) refers to at32f4xx_rcc.o(i.RCC_PLLFrefTableConfig) for RCC_PLLFrefTableConfig
    system_at32f4xx.o(i.SetSysClockTo144M) refers to at32f4xx_rcc.o(i.RCC_StepModeCmd) for RCC_StepModeCmd
    system_at32f4xx.o(i.SystemCoreClockUpdate) refers to system_at32f4xx.o(.data) for SystemCoreClock
    system_at32f4xx.o(i.SystemInit) refers to at32f4xx_rcc.o(i.RCC_APB1PeriphClockCmd) for RCC_APB1PeriphClockCmd
    system_at32f4xx.o(i.SystemInit) refers to system_at32f4xx.o(i.SetSysClock) for SetSysClock
    startup_at32f415cbt7.o(RESET) refers to startup_at32f415cbt7.o(STACK) for __initial_sp
    startup_at32f415cbt7.o(RESET) refers to startup_at32f415cbt7.o(.text) for Reset_Handler
    startup_at32f415cbt7.o(RESET) refers to at32f4xx_it.o(i.NMI_Handler) for NMI_Handler
    startup_at32f415cbt7.o(RESET) refers to at32f4xx_it.o(i.HardFault_Handler) for HardFault_Handler
    startup_at32f415cbt7.o(RESET) refers to at32f4xx_it.o(i.MemManage_Handler) for MemManage_Handler
    startup_at32f415cbt7.o(RESET) refers to at32f4xx_it.o(i.BusFault_Handler) for BusFault_Handler
    startup_at32f415cbt7.o(RESET) refers to at32f4xx_it.o(i.UsageFault_Handler) for UsageFault_Handler
    startup_at32f415cbt7.o(RESET) refers to at32f4xx_it.o(i.DebugMon_Handler) for DebugMon_Handler
    startup_at32f415cbt7.o(RESET) refers to os_cpu_a.o(CODE) for PendSV_Handler
    startup_at32f415cbt7.o(RESET) refers to delay.o(i.SysTick_Handler) for SysTick_Handler
    startup_at32f415cbt7.o(.text) refers to system_at32f4xx.o(i.SystemInit) for SystemInit
    startup_at32f415cbt7.o(.text) refers to entry.o(.ARM.Collect$$$$00000000) for __main
    at32f4xx_gpio.o(i.GPIO_AFIOReset) refers to at32f4xx_rcc.o(i.RCC_APB2PeriphResetCmd) for RCC_APB2PeriphResetCmd
    at32f4xx_gpio.o(i.GPIO_Reset) refers to at32f4xx_rcc.o(i.RCC_APB2PeriphResetCmd) for RCC_APB2PeriphResetCmd
    at32f4xx_rcc.o(i.RCC_GetClocksFreq) refers to at32f4xx_rcc.o(.constdata) for APBAHBPscTable
    at32f4xx_rcc.o(i.RCC_WaitForHSEStable) refers to at32f4xx_rcc.o(i.RCC_GetFlagStatus) for RCC_GetFlagStatus
    at32f4xx_rcc.o(i.RCC_WaitForHSEStable) refers to at32f4xx_rcc.o(i.RCC_HSEENDelay) for RCC_HSEENDelay
    at32f4xx_usart.o(i.USART_Init) refers to at32f4xx_rcc.o(i.RCC_GetClocksFreq) for RCC_GetClocksFreq
    at32f4xx_usart.o(i.USART_Init) refers to uldiv.o(.text) for __aeabi_uldivmod
    at32f4xx_usart.o(i.USART_Reset) refers to at32f4xx_rcc.o(i.RCC_APB2PeriphResetCmd) for RCC_APB2PeriphResetCmd
    at32f4xx_usart.o(i.USART_Reset) refers to at32f4xx_rcc.o(i.RCC_APB1PeriphResetCmd) for RCC_APB1PeriphResetCmd
    at32f4xx_i2c.o(i.I2C_DeInit) refers to at32f4xx_rcc.o(i.RCC_APB1PeriphResetCmd) for RCC_APB1PeriphResetCmd
    at32f4xx_i2c.o(i.I2C_Init) refers to at32f4xx_rcc.o(i.RCC_GetClocksFreq) for RCC_GetClocksFreq
    at32f4xx_flash.o(i.FLASH_EnableWriteProtect) refers to at32f4xx_flash.o(i.FLASH_WaitForProcess) for FLASH_WaitForProcess
    at32f4xx_flash.o(i.FLASH_EraseAllPages) refers to at32f4xx_flash.o(i.FLASH_WaitForProcess) for FLASH_WaitForProcess
    at32f4xx_flash.o(i.FLASH_EraseBank1AllPages) refers to at32f4xx_flash.o(i.FLASH_WaitForBank1Process) for FLASH_WaitForBank1Process
    at32f4xx_flash.o(i.FLASH_ErasePage) refers to at32f4xx_flash.o(i.FLASH_WaitForProcess) for FLASH_WaitForProcess
[...]
    Removing os_flag.o(i.OS_FlagDbgListRemove), (48 bytes).
    Removing os_flag.o(i.OS_FlagInit), (24 bytes).
    Removing os_flag.o(i.OS_FlagPost), (406 bytes).
    Removing os_flag.o(i.OS_FlagTaskRdy), (100 bytes).
    Removing os_mem.o(i.OSMemCreate), (244 bytes).
    Removing os_mem.o(i.OSMemGet), (100 bytes).
    Removing os_mem.o(i.OSMemPut), (112 bytes).
    Removing os_mem.o(i.OS_MemDbgListAdd), (40 bytes).
    Removing os_mem.o(i.OS_MemInit), (24 bytes).
    Removing os_msg.o(i.OS_MsgPoolInit), (124 bytes).
    Removing os_msg.o(i.OS_MsgQFreeAll), (68 bytes).
    Removing os_msg.o(i.OS_MsgQGet), (104 bytes).
    Removing os_msg.o(i.OS_MsgQInit), (14 bytes).
    Removing os_msg.o(i.OS_MsgQPut), (260 bytes).
    Removing os_mutex.o(i.OSMutexCreate), (136 bytes).
    Removing os_mutex.o(i.OSMutexDel), (456 bytes).
    Removing os_mutex.o(i.OSMutexPend), (592 bytes).
    Removing os_mutex.o(i.OSMutexPendAbort), (244 bytes).
    Removing os_mutex.o(i.OSMutexPost), (372 bytes).
    Removing os_mutex.o(i.OS_MutexClr), (52 bytes).
    Removing os_mutex.o(i.OS_MutexDbgListAdd), (48 bytes).
    Removing os_mutex.o(i.OS_MutexDbgListRemove), (48 bytes).
    Removing os_mutex.o(i.OS_MutexInit), (24 bytes).
    Removing os_prio.o(i.OS_PrioInit), (24 bytes).
    Removing os_q.o(i.OSQCreate), (144 bytes).
    Removing os_q.o(i.OSQDel), (320 bytes).
    Removing os_q.o(i.OSQFlush), (116 bytes).
    Removing os_q.o(i.OSQPend), (464 bytes).
    Removing os_q.o(i.OSQPendAbort), (244 bytes).
    Removing os_q.o(i.OSQPost), (148 bytes).
    Removing os_q.o(i.OS_QClr), (48 bytes).
    Removing os_q.o(i.OS_QDbgListAdd), (48 bytes).
    Removing os_q.o(i.OS_QDbgListRemove), (48 bytes).
    Removing os_q.o(i.OS_QInit), (24 bytes).
    Removing os_q.o(i.OS_QPost), (190 bytes).
    Removing os_sem.o(i.OSSemCreate), (128 bytes).
    Removing os_sem.o(i.OSSemDel), (320 bytes).
    Removing os_sem.o(i.OSSemPend), (424 bytes).
    Removing os_sem.o(i.OSSemPendAbort), (244 bytes).
    Removing os_sem.o(i.OSSemPost), (112 bytes).
    Removing os_sem.o(i.OSSemSet), (128 bytes).
    Removing os_sem.o(i.OS_SemClr), (40 bytes).
    Removing os_sem.o(i.OS_SemDbgListAdd), (48 bytes).
    Removing os_sem.o(i.OS_SemDbgListRemove), (48 bytes).
    Removing os_sem.o(i.OS_SemInit), (24 bytes).
    Removing os_sem.o(i.OS_SemPost), (294 bytes).
    Removing os_stat.o(i.OSStatReset), (296 bytes).
    Removing os_stat.o(i.OSStatTaskCPUUsageInit), (240 bytes).
    Removing os_stat.o(i.OS_StatTask), (744 bytes).
    Removing os_stat.o(i.OS_StatTaskInit), (204 bytes).
    Removing os_task.o(i.OSTaskChangePrio), (284 bytes).
    Removing os_task.o(i.OSTaskCreate), (412 bytes).
    Removing os_task.o(i.OSTaskDel), (296 bytes).
    Removing os_task.o(i.OSTaskQFlush), (120 bytes).
    Removing os_task.o(i.OSTaskQPend), (472 bytes).
    Removing os_task.o(i.OSTaskQPendAbort), (196 bytes).
    Removing os_task.o(i.OSTaskQPost), (82 bytes).
    Removing os_task.o(i.OSTaskRegGet), (84 bytes).
    Removing os_task.o(i.OSTaskRegGetID), (88 bytes).
    Removing os_task.o(i.OSTaskRegSet), (84 bytes).
    Removing os_task.o(i.OSTaskResume), (104 bytes).
    Removing os_task.o(i.OSTaskSemPend), (476 bytes).
    Removing os_task.o(i.OSTaskSemPendAbort), (224 bytes).
    Removing os_task.o(i.OSTaskSemSet), (88 bytes).
    Removing os_task.o(i.OSTaskStkChk), (212 bytes).
    Removing os_task.o(i.OSTaskSuspend), (56 bytes).
    Removing os_task.o(i.OS_TaskDbgListAdd), (48 bytes).
    Removing os_task.o(i.OS_TaskDbgListRemove), (68 bytes).
    Removing os_task.o(i.OS_TaskInit), (32 bytes).
    Removing os_task.o(i.OS_TaskInitTCB), (180 bytes).
    Removing os_task.o(i.OS_TaskQPost), (224 bytes).
    Removing os_task.o(i.OS_TaskResume), (256 bytes).
    Removing os_task.o(i.OS_TaskReturn), (24 bytes).
    Removing os_task.o(i.OS_TaskSuspend), (280 bytes).
    Removing os_tick.o(i.OS_TickListResetPeak), (2 bytes).
    Removing os_tick.o(i.OS_TickListUpdateDly), (152 bytes).
    Removing os_tick.o(i.OS_TickListUpdateTimeout), (212 bytes).
    Removing os_tick.o(i.OS_TickTask), (112 bytes).
    Removing os_tick.o(i.OS_TickTaskInit), (200 bytes).
    Removing os_time.o(i.OSTimeDlyHMSM), (400 bytes).
    Removing os_time.o(i.OSTimeDlyResume), (344 bytes).
    Removing os_time.o(i.OSTimeGet), (52 bytes).
    Removing os_time.o(i.OSTimeSet), (52 bytes).
    Removing os_tmr.o(i.OSTmrCreate), (180 bytes).
    Removing os_tmr.o(i.OSTmrDel), (196 bytes).
    Removing os_tmr.o(i.OSTmrRemainGet), (164 bytes).
    Removing os_tmr.o(i.OSTmrStart), (256 bytes).
    Removing os_tmr.o(i.OSTmrStateGet), (108 bytes).
    Removing os_tmr.o(i.OSTmrStop), (232 bytes).
    Removing os_tmr.o(i.OS_TmrClr), (48 bytes).
    Removing os_tmr.o(i.OS_TmrDbgListAdd), (40 bytes).
    Removing os_tmr.o(i.OS_TmrDbgListRemove), (48 bytes).
    Removing os_tmr.o(i.OS_TmrInit), (308 bytes).
    Removing os_tmr.o(i.OS_TmrLock), (24 bytes).
    Removing os_tmr.o(i.OS_TmrResetPeak), (2 bytes).
    Removing os_tmr.o(i.OS_TmrTask), (148 bytes).
    Removing os_tmr.o(i.OS_TmrUnlink), (68 bytes).
    Removing os_tmr.o(i.OS_TmrUnlock), (20 bytes).
    Removing cpu_c.o(i.CPU_BitBandClr), (68 bytes).
    Removing cpu_c.o(i.CPU_BitBandSet), (68 bytes).
    Removing cpu_c.o(i.CPU_IntSrcDis), (332 bytes).
    Removing cpu_c.o(i.CPU_IntSrcEn), (332 bytes).
    Removing cpu_c.o(i.CPU_IntSrcPendClr), (164 bytes).
    Removing cpu_c.o(i.CPU_IntSrcPrioGet), (444 bytes).
    Removing cpu_c.o(i.CPU_IntSrcPrioSet), (504 bytes).
    Removing cpu_core.o(i.CPU_CntLeadZeros08), (18 bytes).
    Removing cpu_core.o(i.CPU_CntLeadZeros16), (18 bytes).
    Removing cpu_core.o(i.CPU_CntLeadZeros32), (18 bytes).
    Removing cpu_core.o(i.CPU_CntLeadZeros64), (192 bytes).
    Removing cpu_core.o(i.CPU_CntTrailZeros08), (22 bytes).
    Removing cpu_core.o(i.CPU_CntTrailZeros16), (22 bytes).
    Removing cpu_core.o(i.CPU_CntTrailZeros32), (22 bytes).
    Removing cpu_core.o(i.CPU_CntTrailZeros64), (62 bytes).
    Removing cpu_core.o(i.CPU_Init), (12 bytes).
    Removing cpu_core.o(i.CPU_NameClr), (48 bytes).
    Removing cpu_core.o(i.CPU_NameGet), (76 bytes).
    Removing cpu_core.o(i.CPU_NameInit), (8 bytes).
    Removing cpu_core.o(i.CPU_NameSet), (100 bytes).
    Removing cpu_core.o(i.CPU_SW_Exception), (4 bytes).
    Removing cpu_core.o(i.CPU_TS_Get32), (12 bytes).
    Removing cpu_core.o(i.CPU_TS_Init), (20 bytes).
    Removing cpu_core.o(i.CPU_TS_TmrFreqGet), (36 bytes).
    Removing cpu_core.o(i.CPU_TS_TmrFreqSet), (12 bytes).
    Removing cpu_core.o(i.CPU_TS_Update), (2 bytes).
    Removing cpu_core.o(.bss), (16 bytes).
    Removing cpu_core.o(.constdata), (260 bytes).
    Removing cpu_core.o(.data), (4 bytes).
    Removing bsp.o(.rev16_text), (4 bytes).
    Removing bsp.o(.revsh_text), (4 bytes).
    Removing bsp.o(.rrx_text), (6 bytes).
    Removing bsp.o(i.BSP_CPU_ClkFreq), (16 bytes).
    Removing bsp.o(i.BSP_Init), (12 bytes).
    Removing bsp.o(i.CPU_TS32_to_uSec), (60 bytes).
    Removing bsp.o(i.CPU_TS_TmrInit), (52 bytes).
    Removing bsp_int.o(.rev16_text), (4 bytes).
    Removing bsp_int.o(.revsh_text), (4 bytes).
    Removing bsp_int.o(.rrx_text), (6 bytes).
    Removing bsp_int.o(i.BSP_IntClr), (2 bytes).
    Removing bsp_int.o(i.BSP_IntDis), (20 bytes).
    Removing bsp_int.o(i.BSP_IntDisAll), (8 bytes).
    Removing bsp_int.o(i.BSP_IntEn), (20 bytes).
    Removing bsp_int.o(i.BSP_IntHandler), (64 bytes).
    Removing bsp_int.o(i.BSP_IntHandlerADC), (10 bytes).
    Removing bsp_int.o(i.BSP_IntHandlerCAN1_RX0), (10 bytes).
    Removing bsp_int.o(i.BSP_IntHandlerCAN1_RX1), (10 bytes).
    Removing bsp_int.o(i.BSP_IntHandlerCAN1_SCE), (10 bytes).
    Removing bsp_int.o(i.BSP_IntHandlerCAN1_TX), (10 bytes).
    Removing bsp_int.o(i.BSP_IntHandlerCAN2_RX0), (10 bytes).
    Removing bsp_int.o(i.BSP_IntHandlerCAN2_RX1), (10 bytes).
    Removing bsp_int.o(i.BSP_IntHandlerCAN2_SCE), (10 bytes).
    Removing bsp_int.o(i.BSP_IntHandlerCAN2_TX), (10 bytes).
    Removing bsp_int.o(i.BSP_IntHandlerCRYP), (10 bytes).
    Removing bsp_int.o(i.BSP_IntHandlerDCMI), (10 bytes).
    Removing bsp_int.o(i.BSP_IntHandlerDMA1_CH0), (10 bytes).
    Removing bsp_int.o(i.BSP_IntHandlerDMA1_CH1), (10 bytes).
    Removing bsp_int.o(i.BSP_IntHandlerDMA1_CH2), (10 bytes).
    Removing bsp_int.o(i.BSP_IntHandlerDMA1_CH3), (10 bytes).
    Removing bsp_int.o(i.BSP_IntHandlerDMA1_CH4), (10 bytes).
    Removing bsp_int.o(i.BSP_IntHandlerDMA1_CH5), (10 bytes).
    Removing bsp_int.o(i.BSP_IntHandlerDMA1_CH6), (10 bytes).
    Removing bsp_int.o(i.BSP_IntHandlerDMA1_STREAM7), (10 bytes).
    Removing bsp_int.o(i.BSP_IntHandlerDMA2D), (10 bytes).
    Removing bsp_int.o(i.BSP_IntHandlerDMA2_CH0), (10 bytes).
    Removing bsp_int.o(i.BSP_IntHandlerDMA2_CH1), (10 bytes).
    Removing bsp_int.o(i.BSP_IntHandlerDMA2_CH2), (10 bytes).
    Removing bsp_int.o(i.BSP_IntHandlerDMA2_CH3), (10 bytes).
    Removing bsp_int.o(i.BSP_IntHandlerDMA2_CH4), (10 bytes).
    Removing bsp_int.o(i.BSP_IntHandlerDMA2_CH5), (10 bytes).
    Removing bsp_int.o(i.BSP_IntHandlerDMA2_CH6), (10 bytes).
    Removing bsp_int.o(i.BSP_IntHandlerDMA2_CH7), (10 bytes).
    Removing bsp_int.o(i.BSP_IntHandlerDummy), (2 bytes).
    Removing bsp_int.o(i.BSP_IntHandlerETH), (10 bytes).
    Removing bsp_int.o(i.BSP_IntHandlerETHWakeup), (10 bytes).
    Removing bsp_int.o(i.BSP_IntHandlerEXTI0), (10 bytes).
    Removing bsp_int.o(i.BSP_IntHandlerEXTI1), (10 bytes).
    Removing bsp_int.o(i.BSP_IntHandlerEXTI15_10), (10 bytes).
    Removing bsp_int.o(i.BSP_IntHandlerEXTI2), (10 bytes).
    Removing bsp_int.o(i.BSP_IntHandlerEXTI3), (10 bytes).
    Removing bsp_int.o(i.BSP_IntHandlerEXTI4), (10 bytes).
    Removing bsp_int.o(i.BSP_IntHandlerEXTI9_5), (10 bytes).
    Removing bsp_int.o(i.BSP_IntHandlerFLASH), (10 bytes).
    Removing bsp_int.o(i.BSP_IntHandlerFPU), (10 bytes).
    Removing bsp_int.o(i.BSP_IntHandlerFSMC), (10 bytes).
    Removing bsp_int.o(i.BSP_IntHandlerHASH_RNG), (10 bytes).
    Removing bsp_int.o(i.BSP_IntHandlerI2C1_ER), (10 bytes).
    Removing bsp_int.o(i.BSP_IntHandlerI2C1_EV), (10 bytes).
    Removing bsp_int.o(i.BSP_IntHandlerI2C2_ER), (10 bytes).
    Removing bsp_int.o(i.BSP_IntHandlerI2C2_EV), (10 bytes).
    Removing bsp_int.o(i.BSP_IntHandlerI2C3_ER), (10 bytes).
    Removing bsp_int.o(i.BSP_IntHandlerI2C3_EV), (10 bytes).
    Removing bsp_int.o(i.BSP_IntHandlerLTDC), (10 bytes).
    Removing bsp_int.o(i.BSP_IntHandlerLTDC_ER), (10 bytes).
    Removing bsp_int.o(i.BSP_IntHandlerOTG_FS), (10 bytes).
    Removing bsp_int.o(i.BSP_IntHandlerOTG_FS_WKUP), (10 bytes).
    Removing bsp_int.o(i.BSP_IntHandlerOTG_HS), (10 bytes).
    Removing bsp_int.o(i.BSP_IntHandlerOTG_HS_EP1_IN), (10 bytes).
    Removing bsp_int.o(i.BSP_IntHandlerOTG_HS_EP1_OUT), (10 bytes).
    Removing bsp_int.o(i.BSP_IntHandlerOTG_HS_WKUP), (10 bytes).
    Removing bsp_int.o(i.BSP_IntHandlerPVD), (10 bytes).
    Removing bsp_int.o(i.BSP_IntHandlerRCC), (10 bytes).
    Removing bsp_int.o(i.BSP_IntHandlerRTCAlarm), (10 bytes).
    Removing bsp_int.o(i.BSP_IntHandlerRTC_WKUP), (10 bytes).
    Removing bsp_int.o(i.BSP_IntHandlerSAI1), (10 bytes).
    Removing bsp_int.o(i.BSP_IntHandlerSDIO), (10 bytes).
    Removing bsp_int.o(i.BSP_IntHandlerSPI1), (10 bytes).
    Removing bsp_int.o(i.BSP_IntHandlerSPI2), (10 bytes).
    Removing bsp_int.o(i.BSP_IntHandlerSPI3), (10 bytes).
    Removing bsp_int.o(i.BSP_IntHandlerSPI4), (10 bytes).
    Removing bsp_int.o(i.BSP_IntHandlerSPI5), (10 bytes).
    Removing bsp_int.o(i.BSP_IntHandlerSPI6), (10 bytes).
    Removing bsp_int.o(i.BSP_IntHandlerTAMP_STAMP), (10 bytes).
    Removing bsp_int.o(i.BSP_IntHandlerTIM1_BRK_TIM9), (10 bytes).
    Removing bsp_int.o(i.BSP_IntHandlerTIM1_CC), (10 bytes).
    Removing bsp_int.o(i.BSP_IntHandlerTIM1_TRG_COM_TIM11), (10 bytes).
    Removing bsp_int.o(i.BSP_IntHandlerTIM1_UP_TIM10), (10 bytes).
    Removing bsp_int.o(i.BSP_IntHandlerTIM2), (10 bytes).
    Removing bsp_int.o(i.BSP_IntHandlerTIM3), (10 bytes).
    Removing bsp_int.o(i.BSP_IntHandlerTIM4), (10 bytes).
    Removing bsp_int.o(i.BSP_IntHandlerTIM5), (10 bytes).
    Removing bsp_int.o(i.BSP_IntHandlerTIM6_DAC), (10 bytes).
    Removing bsp_int.o(i.BSP_IntHandlerTIM7), (10 bytes).
    Removing bsp_int.o(i.BSP_IntHandlerTIM8_BRK_TIM12), (10 bytes).
    Removing bsp_int.o(i.BSP_IntHandlerTIM8_CC), (10 bytes).
    Removing bsp_int.o(i.BSP_IntHandlerTIM8_TRG_COM_TIM14), (10 bytes).
    Removing bsp_int.o(i.BSP_IntHandlerTIM8_UP_TIM13), (10 bytes).
    Removing bsp_int.o(i.BSP_IntHandlerUART7), (10 bytes).
    Removing bsp_int.o(i.BSP_IntHandlerUART8), (10 bytes).
    Removing bsp_int.o(i.BSP_IntHandlerUSART1), (10 bytes).
    Removing bsp_int.o(i.BSP_IntHandlerUSART2), (10 bytes).
    Removing bsp_int.o(i.BSP_IntHandlerUSART3), (10 bytes).
    Removing bsp_int.o(i.BSP_IntHandlerUSART4), (10 bytes).
    Removing bsp_int.o(i.BSP_IntHandlerUSART5), (10 bytes).
    Removing bsp_int.o(i.BSP_IntHandlerUSART6), (10 bytes).
    Removing bsp_int.o(i.BSP_IntHandlerWWDG), (10 bytes).
    Removing bsp_int.o(i.BSP_IntInit), (28 bytes).
    Removing bsp_int.o(i.BSP_IntPrioSet), (54 bytes).
    Removing bsp_int.o(i.BSP_IntVectSet), (52 bytes).
    Removing bsp_int.o(.bss), (364 bytes).
    Removing bsp_periph.o(.rev16_text), (4 bytes).
    Removing bsp_periph.o(.revsh_text), (4 bytes).
    Removing bsp_periph.o(.rrx_text), (6 bytes).
    Removing bsp_periph.o(i.BSP_PeriphClkFreqGet), (396 bytes).
    Removing bsp_periph.o(i.BSP_PeriphDis), (436 bytes).
    Removing bsp_periph.o(i.BSP_PeriphEn), (436 bytes).
    Removing delay.o(.rev16_text), (4 bytes).
    Removing delay.o(.revsh_text), (4 bytes).
    Removing delay.o(.rrx_text), (6 bytes).
    Removing spi1.o(.rev16_text), (4 bytes).
    Removing spi1.o(.revsh_text), (4 bytes).
    Removing spi1.o(.rrx_text), (6 bytes).
    Removing spi1.o(i.SPI2_SendByte), (56 bytes).
    Removing spi1.o(i.Spi1_IoInit), (80 bytes).
    Removing spi1.o(i.WIZ_CS), (36 bytes).
    Removing spi1.o(i.WIZ_SPI_Init), (84 bytes).
    Removing device.o(.rev16_text), (4 bytes).
    Removing device.o(.revsh_text), (4 bytes).
    Removing device.o(.rrx_text), (6 bytes).
    Removing ertc.o(.rev16_text), (4 bytes).
    Removing ertc.o(.revsh_text), (4 bytes).
    Removing ertc.o(.rrx_text), (6 bytes).
    Removing ertc.o(i.DATAHEXtoBCD), (36 bytes).
    Removing ertc.o(i.ERTC_Config), (160 bytes).
    Removing ertc.o(i.ERTC_TimeRegulate), (72 bytes).
    Removing ertc.o(i.ERTC_TimeShow), (28 bytes).
    Removing ertc.o(i.ERTC_TimeStampConfig), (70 bytes).
    Removing ertc.o(i.ERTC_TimeStampShow), (116 bytes).
    Removing ertc.o(i.ertc), (204 bytes).
    Removing ertc.o(i.set_date), (72 bytes).
    Removing ertc.o(i.set_time), (68 bytes).
    Removing ertc.o(.bss), (12 bytes).
    Removing ertc.o(.data), (28 bytes).
    Removing at32f4xx_exti.o(.rev16_text), (4 bytes).
    Removing at32f4xx_exti.o(.revsh_text), (4 bytes).
    Removing at32f4xx_exti.o(.rrx_text), (6 bytes).
    Removing at32f4xx_exti.o(i.EXTI_ClearFlag), (12 bytes).
    Removing at32f4xx_exti.o(i.EXTI_ClearIntPendingBit), (12 bytes).
    Removing at32f4xx_exti.o(i.EXTI_GenerateSWInt), (16 bytes).
    Removing at32f4xx_exti.o(i.EXTI_GetFlagStatus), (24 bytes).
    Removing at32f4xx_exti.o(i.EXTI_GetIntStatus), (40 bytes).
    Removing at32f4xx_exti.o(i.EXTI_Init), (148 bytes).
    Removing at32f4xx_exti.o(i.EXTI_Reset), (36 bytes).
    Removing at32f4xx_exti.o(i.EXTI_StructInit), (16 bytes).
    Removing spi_flash.o(.rev16_text), (4 bytes).
    Removing spi_flash.o(.revsh_text), (4 bytes).
    Removing spi_flash.o(.rrx_text), (6 bytes).
    Removing spi_flash.o(i.BlockEraseSflash), (100 bytes).
    Removing spi_flash.o(i.DelayUS), (12 bytes).
    Removing spi_flash.o(i.EraseSflash), (48 bytes).
    Removing spi_flash.o(i.OFF_IRQ), (16 bytes).
    Removing spi_flash.o(i.ON_IRQ), (18 bytes).
    Removing spi_flash.o(i.OnlyWriteSflash), (176 bytes).
    Removing spi_flash.o(i.ReadCnLattice), (64 bytes).
    Removing spi_flash.o(i.ReadSflash), (56 bytes).
    Removing spi_flash.o(i.ReadSpiFlashBuf), (84 bytes).
    Removing spi_flash.o(i.SPI_FLASH_BlockErase), (68 bytes).
    Removing spi_flash.o(i.SPI_FLASH_BufferErase), (196 bytes).
    Removing spi_flash.o(i.SPI_FLASH_BufferWriteNoErase), (256 bytes).
    Removing spi_flash.o(i.SPI_FLASH_ChipErase), (44 bytes).
    Removing spi_flash.o(i.SPI_SPageWrite), (20 bytes).
    Removing spi_flash.o(i.SectorEraseSflash), (100 bytes).
    Removing spi_flash.o(i.WriteSflash), (56 bytes).
    Removing spi_flash.o(i.WriteSpiFlashBuf), (264 bytes).
    Removing dadd.o(.text), (334 bytes).
    Removing dmul.o(.text), (228 bytes).
    Removing ddiv.o(.text), (222 bytes).
    Removing dfixul.o(.text), (48 bytes).
    Removing cdrcmple.o(.text), (48 bytes).
    Removing depilogue.o(.text), (186 bytes).

867 unused section(s) (total 58231 bytes) removed from the image.

==============================================================================

Image Symbol Table

    Local Symbols

    Symbol Name                              Value     Ov Type        Size  Object(Section)

    ../clib/microlib/division.c              0x00000000   Number         0  uldiv.o ABSOLUTE
    ../clib/microlib/division.c              0x00000000   Number         0  uidiv.o ABSOLUTE
    ../clib/microlib/init/entry.s            0x00000000   Number         0  entry7a.o ABSOLUTE
    ../clib/microlib/init/entry.s            0x00000000   Number         0  entry8b.o ABSOLUTE
    ../clib/microlib/init/entry.s            0x00000000   Number         0  entry5.o ABSOLUTE
    ../clib/microlib/init/entry.s            0x00000000   Number         0  entry.o ABSOLUTE
    ../clib/microlib/init/entry.s            0x00000000   Number         0  entry2.o ABSOLUTE
    ../clib/microlib/init/entry.s            0x00000000   Number         0  entry9b.o ABSOLUTE
    ../clib/microlib/init/entry.s            0x00000000   Number         0  entry12a.o ABSOLUTE
    ../clib/microlib/init/entry.s            0x00000000   Number         0  entry12b.o ABSOLUTE
    ../clib/microlib/init/entry.s            0x00000000   Number         0  entry11b.o ABSOLUTE
    ../clib/microlib/init/entry.s            0x00000000   Number         0  entry11a.o ABSOLUTE
    ../clib/microlib/init/entry.s            0x00000000   Number         0  entry10b.o ABSOLUTE
    ../clib/microlib/init/entry.s            0x00000000   Number         0  entry10a.o ABSOLUTE
    ../clib/microlib/init/entry.s            0x00000000   Number         0  entry9a.o ABSOLUTE
    ../clib/microlib/init/entry.s            0x00000000   Number         0  entry8a.o ABSOLUTE
    ../clib/microlib/init/entry.s            0x00000000   Number         0  entry7b.o ABSOLUTE
    ../clib/microlib/longlong.c              0x00000000   Number         0  llshl.o ABSOLUTE
    ../clib/microlib/longlong.c              0x00000000   Number         0  llushr.o ABSOLUTE
    ../clib/microlib/longlong.c              0x00000000   Number         0  llsshr.o ABSOLUTE
    ../clib/microlib/printf/printf.c         0x00000000   Number         0  printfb.o ABSOLUTE
    ../clib/microlib/printf/printf.c         0x00000000   Number         0  printf2.o ABSOLUTE
    ../clib/microlib/printf/printf.c         0x00000000   Number         0  printf4.o ABSOLUTE
    ../clib/microlib/printf/printf.c         0x00000000   Number         0  printfa.o ABSOLUTE
    ../clib/microlib/printf/printf.c         0x00000000   Number         0  printf8.o ABSOLUTE
    ../clib/microlib/printf/printf.c         0x00000000   Number         0  printf3.o ABSOLUTE
    ../clib/microlib/printf/printf.c         0x00000000   Number         0  printf1.o ABSOLUTE
    ../clib/microlib/printf/printf.c         0x00000000   Number         0  printf0.o ABSOLUTE
    ../clib/microlib/printf/printf.c         0x00000000   Number         0  printf7.o ABSOLUTE
    ../clib/microlib/printf/printf.c         0x00000000   Number         0  printf6.o ABSOLUTE
    ../clib/microlib/printf/printf.c         0x00000000   Number         0  printf5.o ABSOLUTE
    ../clib/microlib/printf/stubs.s          0x00000000   Number         0  stubs.o ABSOLUTE
    ../clib/microlib/stubs.s                 0x00000000   Number         0  iusefp.o ABSOLUTE
    ../clib/microlib/stubs.s                 0x00000000   Number         0  useno.o ABSOLUTE
    ../fplib/microlib/fpadd.c                0x00000000   Number         0  dadd.o ABSOLUTE
    ../fplib/microlib/fpdiv.c                0x00000000   Number         0  ddiv.o ABSOLUTE
    ../fplib/microlib/fpepilogue.c           0x00000000   Number         0  depilogue.o ABSOLUTE
    ../fplib/microlib/fpfix.c                0x00000000   Number         0  dfixul.o ABSOLUTE
    ../fplib/microlib/fpmul.c                0x00000000   Number         0  dmul.o ABSOLUTE
    ..\..\..\..\..\..\Libraries\AT32F4xx_StdPeriph_Driver\src\at32f4xx_adc.c 0x00000000   Number         0  at32f4xx_adc.o ABSOLUTE
    ..\..\..\..\..\..\Libraries\AT32F4xx_StdPeriph_Driver\src\at32f4xx_dma.c 0x00000000   Number         0  at32f4xx_dma.o ABSOLUTE
    ..\..\..\..\..\..\Libraries\AT32F4xx_StdPeriph_Driver\src\at32f4xx_ertc.c 0x00000000   Number         0  at32f4xx_ertc.o ABSOLUTE
    ..\..\..\..\..\..\Libraries\AT32F4xx_StdPeriph_Driver\src\at32f4xx_exti.c 0x00000000   Number         0  at32f4xx_exti.o ABSOLUTE
    ..\..\..\..\..\..\Libraries\AT32F4xx_StdPeriph_Driver\src\at32f4xx_flash.c 0x00000000   Number         0  at32f4xx_flash.o ABSOLUTE
    ..\..\..\..\..\..\Libraries\AT32F4xx_StdPeriph_Driver\src\at32f4xx_gpio.c 0x00000000   Number         0  at32f4xx_gpio.o ABSOLUTE
    ..\..\..\..\..\..\Libraries\AT32F4xx_StdPeriph_Driver\src\at32f4xx_i2c.c 0x00000000   Number         0  at32f4xx_i2c.o ABSOLUTE
    ..\..\..\..\..\..\Libraries\AT32F4xx_StdPeriph_Driver\src\at32f4xx_iwdg.c 0x00000000   Number         0  at32f4xx_iwdg.o ABSOLUTE
    ..\..\..\..\..\..\Libraries\AT32F4xx_StdPeriph_Driver\src\at32f4xx_pwr.c 0x00000000   Number         0  at32f4xx_pwr.o ABSOLUTE
    ..\..\..\..\..\..\Libraries\AT32F4xx_StdPeriph_Driver\src\at32f4xx_rcc.c 0x00000000   Number         0  at32f4xx_rcc.o ABSOLUTE
    ..\..\..\..\..\..\Libraries\AT32F4xx_StdPeriph_Driver\src\at32f4xx_spi.c 0x00000000   Number         0  at32f4xx_spi.o ABSOLUTE
    ..\..\..\..\..\..\Libraries\AT32F4xx_StdPeriph_Driver\src\at32f4xx_tim.c 0x00000000   Number         0  at32f4xx_tim.o ABSOLUTE
    ..\..\..\..\..\..\Libraries\AT32F4xx_StdPeriph_Driver\src\at32f4xx_usart.c 0x00000000   Number         0  at32f4xx_usart.o ABSOLUTE
    ..\..\..\..\..\..\Libraries\AT32F4xx_StdPeriph_Driver\src\misc.c 0x00000000   Number         0  misc.o ABSOLUTE
    ..\..\..\..\..\..\Libraries\CMSIS\CM4\DeviceSupport\startup\mdk\startup_at32f415cbt7.s 0x00000000   Number         0  startup_at32f415cbt7.o ABSOLUTE
    ..\..\..\..\..\..\Libraries\driver\SPI1.c 0x00000000   Number         0  spi1.o ABSOLUTE
    ..\..\..\..\..\..\Libraries\driver\delay.c 0x00000000   Number         0  delay.o ABSOLUTE
    ..\..\..\..\..\..\Libraries\driver\device.c 0x00000000   Number         0  device.o ABSOLUTE
    ..\..\..\..\..\..\Libraries\driver\ertc.c 0x00000000   Number         0  ertc.o ABSOLUTE
    ..\..\..\..\..\..\Libraries\driver\spi_flash.c 0x00000000   Number         0  spi_flash.o ABSOLUTE
    ..\..\..\..\..\..\Middlewares\UCOSIII\EvalBoards\BSP\bsp.c 0x00000000   Number         0  bsp.o ABSOLUTE
    ..\..\..\..\..\..\Middlewares\UCOSIII\EvalBoards\BSP\bsp_int.c 0x00000000   Number         0  bsp_int.o ABSOLUTE
    ..\..\..\..\..\..\Middlewares\UCOSIII\EvalBoards\BSP\bsp_periph.c 0x00000000   Number         0  bsp_periph.o ABSOLUTE
    ..\..\..\..\..\..\Middlewares\UCOSIII\uC-CPU\ARM-Cortex-M4\RealView\cpu_a.asm 0x00000000   Number         0  cpu_a.o ABSOLUTE
    ..\..\..\..\..\..\Middlewares\UCOSIII\uC-CPU\ARM-Cortex-M4\RealView\cpu_c.c 0x00000000   Number         0  cpu_c.o ABSOLUTE
    ..\..\..\..\..\..\Middlewares\UCOSIII\uC-CPU\cpu_core.c 0x00000000   Number         0  cpu_core.o ABSOLUTE
    ..\..\..\..\..\..\Middlewares\UCOSIII\uC-LIB\Ports\ARM-Cortex-M4\RealView\lib_mem_a.asm 0x00000000   Number         0  lib_mem_a.o ABSOLUTE
    ..\..\..\..\..\..\Middlewares\UCOSIII\uC-LIB\lib_ascii.c 0x00000000   Number         0  lib_ascii.o ABSOLUTE
    ..\..\..\..\..\..\Middlewares\UCOSIII\uC-LIB\lib_math.c 0x00000000   Number         0  lib_math.o ABSOLUTE
    ..\..\..\..\..\..\Middlewares\UCOSIII\uC-LIB\lib_mem.c 0x00000000   Number         0  lib_mem.o ABSOLUTE
    ..\..\..\..\..\..\Middlewares\UCOSIII\uC-LIB\lib_str.c 0x00000000   Number         0  lib_str.o ABSOLUTE
    ..\..\..\..\..\..\Middlewares\UCOSIII\uCOS-III\Ports\ARM-Cortex-M4\Generic\RealView\os_cpu_a.asm 0x00000000   Number         0  os_cpu_a.o ABSOLUTE
    ..\..\..\..\..\..\Middlewares\UCOSIII\uCOS-III\Ports\ARM-Cortex-M4\Generic\RealView\os_cpu_c.c 0x00000000   Number         0  os_cpu_c.o ABSOLUTE
    ..\..\..\..\..\..\Middlewares\UCOSIII\uCOS-III\Source\os_cfg_app.c 0x00000000   Number         0  os_cfg_app.o ABSOLUTE
    ..\..\..\..\..\..\Middlewares\UCOSIII\uCOS-III\Source\os_core.c 0x00000000   Number         0  os_core.o ABSOLUTE
    ..\..\..\..\..\..\Middlewares\UCOSIII\uCOS-III\Source\os_dbg.c 0x00000000   Number         0  os_dbg.o ABSOLUTE
    ..\..\..\..\..\..\Middlewares\UCOSIII\uCOS-III\Source\os_flag.c 0x00000000   Number         0  os_flag.o ABSOLUTE
    ..\..\..\..\..\..\Middlewares\UCOSIII\uCOS-III\Source\os_int.c 0x00000000   Number         0  os_int.o ABSOLUTE
    ..\..\..\..\..\..\Middlewares\UCOSIII\uCOS-III\Source\os_mem.c 0x00000000   Number         0  os_mem.o ABSOLUTE
    ..\..\..\..\..\..\Middlewares\UCOSIII\uCOS-III\Source\os_msg.c 0x00000000   Number         0  os_msg.o ABSOLUTE
    ..\..\..\..\..\..\Middlewares\UCOSIII\uCOS-III\Source\os_mutex.c 0x00000000   Number         0  os_mutex.o ABSOLUTE
    ..\..\..\..\..\..\Middlewares\UCOSIII\uCOS-III\Source\os_pend_multi.c 0x00000000   Number         0  os_pend_multi.o ABSOLUTE
    ..\..\..\..\..\..\Middlewares\UCOSIII\uCOS-III\Source\os_prio.c 0x00000000   Number         0  os_prio.o ABSOLUTE
    ..\..\..\..\..\..\Middlewares\UCOSIII\uCOS-III\Source\os_q.c 0x00000000   Number         0  os_q.o ABSOLUTE
    ..\..\..\..\..\..\Middlewares\UCOSIII\uCOS-III\Source\os_sem.c 0x00000000   Number         0  os_sem.o ABSOLUTE
    ..\..\..\..\..\..\Middlewares\UCOSIII\uCOS-III\Source\os_stat.c 0x00000000   Number         0  os_stat.o ABSOLUTE
    ..\..\..\..\..\..\Middlewares\UCOSIII\uCOS-III\Source\os_task.c 0x00000000   Number         0  os_task.o ABSOLUTE
    ..\..\..\..\..\..\Middlewares\UCOSIII\uCOS-III\Source\os_tick.c 0x00000000   Number         0  os_tick.o ABSOLUTE
    ..\..\..\..\..\..\Middlewares\UCOSIII\uCOS-III\Source\os_time.c 0x00000000   Number         0  os_time.o ABSOLUTE
    ..\..\..\..\..\..\Middlewares\UCOSIII\uCOS-III\Source\os_tmr.c 0x00000000   Number         0  os_tmr.o ABSOLUTE
    ..\..\..\..\..\..\Middlewares\UCOSIII\uCOS-III\Source\os_var.c 0x00000000   Number         0  os_var.o ABSOLUTE
    ..\..\..\..\..\AT32_Board\at32_board.c   0x00000000   Number         0  at32_board.o ABSOLUTE
    ..\\..\\..\\..\\..\\..\\Libraries\\AT32F4xx_StdPeriph_Driver\\src\\at32f4xx_adc.c 0x00000000   Number         0  at32f4xx_adc.o ABSOLUTE
    ..\\..\\..\\..\\..\\..\\Libraries\\AT32F4xx_StdPeriph_Driver\\src\\at32f4xx_dma.c 0x00000000   Number         0  at32f4xx_dma.o ABSOLUTE
    ..\\..\\..\\..\\..\\..\\Libraries\\AT32F4xx_StdPeriph_Driver\\src\\at32f4xx_ertc.c 0x00000000   Number         0  at32f4xx_ertc.o ABSOLUTE
    ..\\..\\..\\..\\..\\..\\Libraries\\AT32F4xx_StdPeriph_Driver\\src\\at32f4xx_exti.c 0x00000000   Number         0  at32f4xx_exti.o ABSOLUTE
    ..\\..\\..\\..\\..\\..\\Libraries\\AT32F4xx_StdPeriph_Driver\\src\\at32f4xx_flash.c 0x00000000   Number         0  at32f4xx_flash.o ABSOLUTE
    ..\\..\\..\\..\\..\\..\\Libraries\\AT32F4xx_StdPeriph_Driver\\src\\at32f4xx_gpio.c 0x00000000   Number         0  at32f4xx_gpio.o ABSOLUTE
    ..\\..\\..\\..\\..\\..\\Libraries\\AT32F4xx_StdPeriph_Driver\\src\\at32f4xx_i2c.c 0x00000000   Number         0  at32f4xx_i2c.o ABSOLUTE
    ..\\..\\..\\..\\..\\..\\Libraries\\AT32F4xx_StdPeriph_Driver\\src\\at32f4xx_iwdg.c 0x00000000   Number         0  at32f4xx_iwdg.o ABSOLUTE
    ..\\..\\..\\..\\..\\..\\Libraries\\AT32F4xx_StdPeriph_Driver\\src\\at32f4xx_pwr.c 0x00000000   Number         0  at32f4xx_pwr.o ABSOLUTE
    ..\\..\\..\\..\\..\\..\\Libraries\\AT32F4xx_StdPeriph_Driver\\src\\at32f4xx_rcc.c 0x00000000   Number         0  at32f4xx_rcc.o ABSOLUTE
    ..\\..\\..\\..\\..\\..\\Libraries\\AT32F4xx_StdPeriph_Driver\\src\\at32f4xx_spi.c 0x00000000   Number         0  at32f4xx_spi.o ABSOLUTE
    ..\\..\\..\\..\\..\\..\\Libraries\\AT32F4xx_StdPeriph_Driver\\src\\at32f4xx_tim.c 0x00000000   Number         0  at32f4xx_tim.o ABSOLUTE
    ..\\..\\..\\..\\..\\..\\Libraries\\AT32F4xx_StdPeriph_Driver\\src\\at32f4xx_usart.c 0x00000000   Number         0  at32f4xx_usart.o ABSOLUTE
    ..\\..\\..\\..\\..\\..\\Libraries\\AT32F4xx_StdPeriph_Driver\\src\\misc.c 0x00000000   Number         0  misc.o ABSOLUTE
    ..\\..\\..\\..\\..\\..\\Libraries\\driver\\SPI1.c 0x00000000   Number         0  spi1.o ABSOLUTE
    ..\\..\\..\\..\\..\\..\\Libraries\\driver\\delay.c 0x00000000   Number         0  delay.o ABSOLUTE
    ..\\..\\..\\..\\..\\..\\Libraries\\driver\\device.c 0x00000000   Number         0  device.o ABSOLUTE
    ..\\..\\..\\..\\..\\..\\Libraries\\driver\\ertc.c 0x00000000   Number         0  ertc.o ABSOLUTE
    ..\\..\\..\\..\\..\\..\\Libraries\\driver\\spi_flash.c 0x00000000   Number         0  spi_flash.o ABSOLUTE
    ..\\..\\..\\..\\..\\..\\Middlewares\\UCOSIII\\EvalBoards\\BSP\\bsp.c 0x00000000   Number         0  bsp.o ABSOLUTE
    ..\\..\\..\\..\\..\\..\\Middlewares\\UCOSIII\\EvalBoards\\BSP\\bsp_int.c 0x00000000   Number         0  bsp_int.o ABSOLUTE
    ..\\..\\..\\..\\..\\..\\Middlewares\\UCOSIII\\EvalBoards\\BSP\\bsp_periph.c 0x00000000   Number         0  bsp_periph.o ABSOLUTE
    ..\\..\\..\\..\\..\\AT32_Board\\at32_board.c 0x00000000   Number         0  at32_board.o ABSOLUTE
    ..\\at32f4xx_it.c                        0x00000000   Number         0  at32f4xx_it.o ABSOLUTE
    ..\\main.c                               0x00000000   Number         0  main.o ABSOLUTE
    ..\\system_at32f4xx.c                    0x00000000   Number         0  system_at32f4xx.o ABSOLUTE
    ..\at32f4xx_it.c                         0x00000000   Number         0  at32f4xx_it.o ABSOLUTE
    ..\main.c                                0x00000000   Number         0  main.o ABSOLUTE
    ..\system_at32f4xx.c                     0x00000000   Number         0  system_at32f4xx.o ABSOLUTE
    ..\w25qxx\flashdispos.c                  0x00000000   Number         0  flashdispos.o ABSOLUTE
    cdrcmple.s                               0x00000000   Number         0  cdrcmple.o ABSOLUTE
    dc.s                                     0x00000000   Number         0  dc.o ABSOLUTE
    handlers.s                               0x00000000   Number         0  handlers.o ABSOLUTE
    init.s                                   0x00000000   Number         0  init.o ABSOLUTE
    RESET                                    0x08000000   Section      368  startup_at32f415cbt7.o(RESET)
    .ARM.Collect$$$$00000000                 0x08000170   Section        0  entry.o(.ARM.Collect$$$$00000000)
    .ARM.Collect$$$$00000001                 0x08000170   Section        4  entry2.o(.ARM.Collect$$$$00000001)
    .ARM.Collect$$$$00000004                 0x08000174   Section        4  entry5.o(.ARM.Collect$$$$00000004)
    .ARM.Collect$$$$00000008                 0x08000178   Section        0  entry7b.o(.ARM.Collect$$$$00000008)
    .ARM.Collect$$$$0000000A                 0x08000178   Section        0  entry8b.o(.ARM.Collect$$$$0000000A)
    .ARM.Collect$$$$0000000B                 0x08000178   Section        8  entry9a.o(.ARM.Collect$$$$0000000B)
    .ARM.Collect$$$$0000000E                 0x08000180   Section        4  entry12b.o(.ARM.Collect$$$$0000000E)
    .ARM.Collect$$$$0000000F                 0x08000184   Section        0  entry10a.o(.ARM.Collect$$$$0000000F)
    .ARM.Collect$$$$00000011                 0x08000184   Section        0  entry11a.o(.ARM.Collect$$$$00000011)
    .ARM.Collect$$$$00002712                 0x08000184   Section        4  entry2.o(.ARM.Collect$$$$00002712)
    __lit__00000000                          0x08000184   Data           4  entry2.o(.ARM.Collect$$$$00002712)
    .text                                    0x08000188   Section       36  startup_at32f415cbt7.o(.text)
    .text                                    0x080001ac   Section       52  cpu_a.o(.text)
    .text                                    0x080001e0   Section       36  init.o(.text)
    CODE                                     0x08000204   Section      152  os_cpu_a.o(CODE)
    i.BusFault_Handler                       0x0800029c   Section        0  at32f4xx_it.o(i.BusFault_Handler)
    i.CPU_TS_TmrRd                           0x080002a0   Section        0  bsp.o(i.CPU_TS_TmrRd)
    i.DebugMon_Handler                       0x080002ac   Section        0  at32f4xx_it.o(i.DebugMon_Handler)
    i.DelayMS                                0x080002ae   Section        0  spi_flash.o(i.DelayMS)
    i.FLASH_ErasePage                        0x080002c8   Section        0  at32f4xx_flash.o(i.FLASH_ErasePage)
    i.FLASH_GetBank1Status                   0x08000370   Section        0  at32f4xx_flash.o(i.FLASH_GetBank1Status)
    i.FLASH_Init                             0x080003a4   Section        0  spi_flash.o(i.FLASH_Init)
    i.FLASH_Lock                             0x0800050c   Section        0  at32f4xx_flash.o(i.FLASH_Lock)
    i.FLASH_ProgramByte                      0x08000520   Section        0  at32f4xx_flash.o(i.FLASH_ProgramByte)
    i.FLASH_Unlock                           0x080005c0   Section        0  at32f4xx_flash.o(i.FLASH_Unlock)
    i.FLASH_WaitForBank1Process              0x080005d8   Section        0  at32f4xx_flash.o(i.FLASH_WaitForBank1Process)
    i.FLASH_WaitForProcess                   0x080005fe   Section        0  at32f4xx_flash.o(i.FLASH_WaitForProcess)
    i.FLASH_WriteMoreData                    0x08000624   Section        0  main.o(i.FLASH_WriteMoreData)
    i.GPIO_Init                              0x0800067c   Section        0  at32f4xx_gpio.o(i.GPIO_Init)
    i.GPIO_PinsRemapConfig                   0x08000794   Section        0  at32f4xx_gpio.o(i.GPIO_PinsRemapConfig)
    i.GPIO_ReadInputDataBit                  0x08000b88   Section        0  at32f4xx_gpio.o(i.GPIO_ReadInputDataBit)
    i.GPIO_ResetBits                         0x08000b9a   Section        0  at32f4xx_gpio.o(i.GPIO_ResetBits)
    i.GPIO_SetBits                           0x08000b9e   Section        0  at32f4xx_gpio.o(i.GPIO_SetBits)
    i.HardFault_Handler                      0x08000ba2   Section        0  at32f4xx_it.o(i.HardFault_Handler)
    i.Mcu_Io_Init                            0x08000ba8   Section        0  device.o(i.Mcu_Io_Init)
    i.MemManage_Handler                      0x08000d40   Section        0  at32f4xx_it.o(i.MemManage_Handler)
    i.NMI_Handler                            0x08000d44   Section        0  at32f4xx_it.o(i.NMI_Handler)
    i.OSIntEnter                             0x08000d48   Section        0  os_core.o(i.OSIntEnter)
    i.OSIntExit                              0x08000d74   Section        0  os_core.o(i.OSIntExit)
    i.OSSched                                0x08000e50   Section        0  os_core.o(i.OSSched)
    i.OSSchedLock                            0x08000ef0   Section        0  os_core.o(i.OSSchedLock)
    i.OSSchedUnlock                          0x08000f64   Section        0  os_core.o(i.OSSchedUnlock)
    i.OSTaskSemPost                          0x08000ff8   Section        0  os_task.o(i.OSTaskSemPost)
    i.OSTaskSwHook                           0x08001038   Section        0  os_cpu_c.o(i.OSTaskSwHook)
    i.OSTimeDly                              0x080010b0   Section        0  os_time.o(i.OSTimeDly)
    i.OSTimeTick                             0x08001168   Section        0  os_time.o(i.OSTimeTick)
    i.OSTimeTickHook                         0x080011ac   Section        0  os_cpu_c.o(i.OSTimeTickHook)
    i.OS_PendDbgNameRemove                   0x080011b0   Section        0  os_core.o(i.OS_PendDbgNameRemove)
    i.OS_PendListRemove                      0x080011d4   Section        0  os_core.o(i.OS_PendListRemove)
    i.OS_PendListRemove1                     0x08001204   Section        0  os_core.o(i.OS_PendListRemove1)
    i.OS_Post                                0x08001246   Section        0  os_core.o(i.OS_Post)
    i.OS_Post1                               0x0800131c   Section        0  os_core.o(i.OS_Post1)
    i.OS_PrioGetHighest                      0x08001348   Section        0  os_prio.o(i.OS_PrioGetHighest)
    i.OS_PrioInsert                          0x08001370   Section        0  os_prio.o(i.OS_PrioInsert)
    i.OS_PrioRemove                          0x08001394   Section        0  os_prio.o(i.OS_PrioRemove)
    i.OS_RdyListInsert                       0x080013b8   Section        0  os_core.o(i.OS_RdyListInsert)
    i.OS_RdyListInsertHead                   0x080013e4   Section        0  os_core.o(i.OS_RdyListInsertHead)
    i.OS_RdyListInsertTail                   0x08001424   Section        0  os_core.o(i.OS_RdyListInsertTail)
    i.OS_RdyListRemove                       0x08001460   Section        0  os_core.o(i.OS_RdyListRemove)
    i.OS_SchedLockTimeMeasStart              0x080014bc   Section        0  os_core.o(i.OS_SchedLockTimeMeasStart)
    i.OS_SchedLockTimeMeasStop               0x080014d8   Section        0  os_core.o(i.OS_SchedLockTimeMeasStop)
    i.OS_TaskSemPost                         0x08001514   Section        0  os_task.o(i.OS_TaskSemPost)
    i.OS_TickListInsert                      0x080016d8   Section        0  os_tick.o(i.OS_TickListInsert)
    i.OS_TickListInsertDly                   0x08001760   Section        0  os_tick.o(i.OS_TickListInsertDly)
    i.OS_TickListRemove                      0x0800181c   Section        0  os_tick.o(i.OS_TickListRemove)
    i.RCC_APB1PeriphClockCmd                 0x08001874   Section        0  at32f4xx_rcc.o(i.RCC_APB1PeriphClockCmd)
    i.RCC_APB2PeriphClockCmd                 0x08001894   Section        0  at32f4xx_rcc.o(i.RCC_APB2PeriphClockCmd)
    i.RCC_PLLFrefTableConfig                 0x080018b4   Section        0  at32f4xx_rcc.o(i.RCC_PLLFrefTableConfig)
    i.RCC_StepModeCmd                        0x08001978   Section        0  at32f4xx_rcc.o(i.RCC_StepModeCmd)
    i.SPI_FLASH_BufferRead                   0x0800199c   Section        0  spi_flash.o(i.SPI_FLASH_BufferRead)
    i.SPI_FLASH_BufferWrite                  0x080019e8   Section        0  spi_flash.o(i.SPI_FLASH_BufferWrite)
    i.SPI_FLASH_Detect                       0x08001a74   Section        0  spi_flash.o(i.SPI_FLASH_Detect)
    i.SPI_FLASH_PageWrite                    0x08001a78   Section        0  spi_flash.o(i.SPI_FLASH_PageWrite)
    i.SPI_FLASH_ReadByte                     0x08001ad4   Section        0  spi_flash.o(i.SPI_FLASH_ReadByte)
    i.SPI_FLASH_ReadID                       0x08001b10   Section        0  spi_flash.o(i.SPI_FLASH_ReadID)
    i.SPI_FLASH_SectorErase                  0x08001b58   Section        0  spi_flash.o(i.SPI_FLASH_SectorErase)
    i.SPI_FLASH_SendByte                     0x08001b9c   Section        0  spi_flash.o(i.SPI_FLASH_SendByte)
    i.SPI_FLASH_WaitForWriteEnd              0x08001be0   Section        0  spi_flash.o(i.SPI_FLASH_WaitForWriteEnd)
    i.SPI_FLASH_WriteDisable                 0x08001c1c   Section        0  spi_flash.o(i.SPI_FLASH_WriteDisable)
    i.SPI_FLASH_WriteEnable                  0x08001c3c   Section        0  spi_flash.o(i.SPI_FLASH_WriteEnable)
    i.SPI_FLASH_WriteStatus                  0x08001c5c   Section        0  spi_flash.o(i.SPI_FLASH_WriteStatus)
    i.SetSysClock                            0x08001cb0   Section        0  system_at32f4xx.o(i.SetSysClock)
    SetSysClock                              0x08001cb1   Thumb Code     8  system_at32f4xx.o(i.SetSysClock)
    i.SetSysClockTo144M                      0x08001cb8   Section        0  system_at32f4xx.o(i.SetSysClockTo144M)
    SetSysClockTo144M                        0x08001cb9   Thumb Code   262  system_at32f4xx.o(i.SetSysClockTo144M)
    i.Spi_Flash_Io_Init                      0x08001dd4   Section        0  spi_flash.o(i.Spi_Flash_Io_Init)
    i.SysTick_CLKSourceConfig                0x08001e64   Section        0  misc.o(i.SysTick_CLKSourceConfig)
    i.SysTick_Handler                        0x08001e8c   Section        0  delay.o(i.SysTick_Handler)
    i.SystemInit                             0x08001ea8   Section        0  system_at32f4xx.o(i.SystemInit)
    i.SystemReset                            0x08001f44   Section        0  device.o(i.SystemReset)
    i.UsageFault_Handler                     0x08001f90   Section        0  at32f4xx_it.o(i.UsageFault_Handler)
    i.__scatterload_copy                     0x08001f94   Section       14  handlers.o(i.__scatterload_copy)
    i.__scatterload_null                     0x08001fa2   Section        2  handlers.o(i.__scatterload_null)
    i.__scatterload_zeroinit                 0x08001fa4   Section       14  handlers.o(i.__scatterload_zeroinit)
    i.delay_init                             0x08001fb4   Section        0  delay.o(i.delay_init)
    i.delay_m                                0x08002024   Section        0  delay.o(i.delay_m)
    i.delay_osschedlock                      0x08002074   Section        0  delay.o(i.delay_osschedlock)
    i.delay_osschedunlock                    0x0800207e   Section        0  delay.o(i.delay_osschedunlock)
    i.delay_ostimedly                        0x08002088   Section        0  delay.o(i.delay_ostimedly)
    i.delay_u                                0x08002098   Section        0  delay.o(i.delay_u)
    i.fal_partition_read                     0x080020f0   Section        0  flashdispos.o(i.fal_partition_read)
    i.fal_partition_write                    0x08002140   Section        0  flashdispos.o(i.fal_partition_write)
    i.main                                   0x08002190   Section        0  main.o(i.main)
    .constdata                               0x08002284   Section      148  os_cfg_app.o(.constdata)
    .constdata                               0x08002318   Section       96  flashdispos.o(.constdata)
    .data                                    0x20000000   Section        4  os_cpu_c.o(.data)
    .data                                    0x20000004   Section        8  os_prio.o(.data)
    .data                                    0x2000000c   Section      168  os_var.o(.data)
    .data                                    0x200000b4   Section        4  delay.o(.data)
    fac_us                                   0x200000b4   Data           1  delay.o(.data)
    fac_ms                                   0x200000b6   Data           2  delay.o(.data)
    .data                                    0x200000b8   Section        5  spi_flash.o(.data)
    .bss                                     0x200000c0   Section     1024  main.o(.bss)
    .bss                                     0x200004c0   Section     3360  os_cfg_app.o(.bss)
    .bss                                     0x200011e0   Section     1560  os_var.o(.bss)
    .bss                                     0x200017f8   Section     4096  spi_flash.o(.bss)
    STACK                                    0x200027f8   Section     1024  startup_at32f415cbt7.o(STACK)

    Global Symbols

    Symbol Name                              Value     Ov Type        Size  Object(Section)

    BuildAttributes$$THM_ISAv4$E$P$D$K$B$S$7EM$PE$A:L22UL41UL21$X:L11$S22US41US21$IEEE1$IW$USESV6$~STKCKD$USESV7$~SHL$OSPACE$ROPI$EBA8$MICROLIB$REQ8$PRES8$EABIv2 0x00000000   Number         0  anon$$obj.o ABSOLUTE
    __ARM_use_no_argv                        0x00000000   Number         0  main.o ABSOLUTE
    __use_no_errno                           0x00000000   Number         0  useno.o ABSOLUTE
    __use_no_exception_handling              0x00000000   Number         0  useno.o ABSOLUTE
    __use_no_fp                              0x00000000   Number         0  useno.o ABSOLUTE
    __use_no_heap                            0x00000000   Number         0  useno.o ABSOLUTE
    __use_no_heap_region                     0x00000000   Number         0  useno.o ABSOLUTE
    __use_no_semihosting                     0x00000000   Number         0  useno.o ABSOLUTE
    __use_no_semihosting_swi                 0x00000000   Number         0  useno.o ABSOLUTE
    __use_no_signal_handling                 0x00000000   Number         0  useno.o ABSOLUTE
    _printf_a                                0x00000000   Number         0  stubs.o ABSOLUTE
    _printf_c                                0x00000000   Number         0  stubs.o ABSOLUTE
    _printf_charcount                        0x00000000   Number         0  stubs.o ABSOLUTE
    _printf_d                                0x00000000   Number         0  stubs.o ABSOLUTE
    _printf_e                                0x00000000   Number         0  stubs.o ABSOLUTE
    _printf_f                                0x00000000   Number         0  stubs.o ABSOLUTE
    _printf_flags                            0x00000000   Number         0  stubs.o ABSOLUTE
    _printf_fp_dec                           0x00000000   Number         0  stubs.o ABSOLUTE
    _printf_fp_hex                           0x00000000   Number         0  stubs.o ABSOLUTE
    _printf_g                                0x00000000   Number         0  stubs.o ABSOLUTE
    _printf_i                                0x00000000   Number         0  stubs.o ABSOLUTE
    _printf_int_dec                          0x00000000   Number         0  stubs.o ABSOLUTE
    _printf_l                                0x00000000   Number         0  stubs.o ABSOLUTE
    _printf_lc                               0x00000000   Number         0  stubs.o ABSOLUTE
    _printf_ll                               0x00000000   Number         0  stubs.o ABSOLUTE
    _printf_lld                              0x00000000   Number         0  stubs.o ABSOLUTE
    _printf_lli                              0x00000000   Number         0  stubs.o ABSOLUTE
    _printf_llo                              0x00000000   Number         0  stubs.o ABSOLUTE
    _printf_llu                              0x00000000   Number         0  stubs.o ABSOLUTE
    _printf_llx                              0x00000000   Number         0  stubs.o ABSOLUTE
    _printf_longlong_dec                     0x00000000   Number         0  stubs.o ABSOLUTE
    _printf_longlong_hex                     0x00000000   Number         0  stubs.o ABSOLUTE
    _printf_longlong_oct                     0x00000000   Number         0  stubs.o ABSOLUTE
    _printf_ls                               0x00000000   Number         0  stubs.o ABSOLUTE
    _printf_mbtowc                           0x00000000   Number         0  stubs.o ABSOLUTE
    _printf_n                                0x00000000   Number         0  stubs.o ABSOLUTE
    _printf_o                                0x00000000   Number         0  stubs.o ABSOLUTE
    _printf_p                                0x00000000   Number         0  stubs.o ABSOLUTE
    _printf_percent                          0x00000000   Number         0  stubs.o ABSOLUTE
    _printf_pre_padding                      0x00000000   Number         0  stubs.o ABSOLUTE
    _printf_return_value                     0x00000000   Number         0  stubs.o ABSOLUTE
    _printf_s                                0x00000000   Number         0  stubs.o ABSOLUTE
    _printf_sizespec                         0x00000000   Number         0  stubs.o ABSOLUTE
    _printf_str                              0x00000000   Number         0  stubs.o ABSOLUTE
    _printf_truncate_signed                  0x00000000   Number         0  stubs.o ABSOLUTE
    _printf_truncate_unsigned                0x00000000   Number         0  stubs.o ABSOLUTE
    _printf_u                                0x00000000   Number         0  stubs.o ABSOLUTE
    _printf_wc                               0x00000000   Number         0  stubs.o ABSOLUTE
    _printf_wctomb                           0x00000000   Number         0  stubs.o ABSOLUTE
    _printf_widthprec                        0x00000000   Number         0  stubs.o ABSOLUTE
    _printf_x                                0x00000000   Number         0  stubs.o ABSOLUTE
    __arm_fini_                               - Undefined Weak Reference
    __cpp_initialize__aeabi_                  - Undefined Weak Reference
    __cxa_finalize                            - Undefined Weak Reference
    __decompress                              - Undefined Weak Reference
    _clock_init                               - Undefined Weak Reference
    _microlib_exit                            - Undefined Weak Reference
    __Vectors_Size                           0x00000170   Number         0  startup_at32f415cbt7.o ABSOLUTE
    __Vectors                                0x08000000   Data           4  startup_at32f415cbt7.o(RESET)
    __Vectors_End                            0x08000170   Data           0  startup_at32f415cbt7.o(RESET)
    __main                                   0x08000171   Thumb Code     0  entry.o(.ARM.Collect$$$$00000000)
    _main_stk                                0x08000171   Thumb Code     0  entry2.o(.ARM.Collect$$$$00000001)
    _main_scatterload                        0x08000175   Thumb Code     0  entry5.o(.ARM.Collect$$$$00000004)
    __main_after_scatterload                 0x08000179   Thumb Code     0  entry5.o(.ARM.Collect$$$$00000004)
    _main_clock                              0x08000179   Thumb Code     0  entry7b.o(.ARM.Collect$$$$00000008)
    _main_cpp_init                           0x08000179   Thumb Code     0  entry8b.o(.ARM.Collect$$$$0000000A)
    _main_init                               0x08000179   Thumb Code     0  entry9a.o(.ARM.Collect$$$$0000000B)
    __rt_lib_shutdown_fini                   0x08000181   Thumb Code     0  entry12b.o(.ARM.Collect$$$$0000000E)
    __rt_final_cpp                           0x08000185   Thumb Code     0  entry10a.o(.ARM.Collect$$$$0000000F)
    __rt_final_exit                          0x08000185   Thumb Code     0  entry11a.o(.ARM.Collect$$$$00000011)
    Reset_Handler                            0x08000189   Thumb Code     8  startup_at32f415cbt7.o(.text)
    SVC_Handler                              0x0800019b   Thumb Code     2  startup_at32f415cbt7.o(.text)
    ACC_IRQHandler                           0x080001a3   Thumb Code     0  startup_at32f415cbt7.o(.text)
    ADC1_2_IRQHandler                        0x080001a3   Thumb Code     0  startup_at32f415cbt7.o(.text)
    CAN1_RX0_IRQHandler                      0x080001a3   Thumb Code     0  startup_at32f415cbt7.o(.text)
    CAN1_RX1_IRQHandler                      0x080001a3   Thumb Code     0  startup_at32f415cbt7.o(.text)
    CAN1_SCE_IRQHandler                      0x080001a3   Thumb Code     0  startup_at32f415cbt7.o(.text)
    CAN1_TX_IRQHandler                       0x080001a3   Thumb Code     0  startup_at32f415cbt7.o(.text)
    COMP1_IRQHandler                         0x080001a3   Thumb Code     0  startup_at32f415cbt7.o(.text)
    COMP2_IRQHandler                         0x080001a3   Thumb Code     0  startup_at32f415cbt7.o(.text)
    DMA1_Channel1_IRQHandler                 0x080001a3   Thumb Code     0  startup_at32f415cbt7.o(.text)
    DMA1_Channel2_IRQHandler                 0x080001a3   Thumb Code     0  startup_at32f415cbt7.o(.text)
    DMA1_Channel3_IRQHandler                 0x080001a3   Thumb Code     0  startup_at32f415cbt7.o(.text)
    DMA1_Channel4_IRQHandler                 0x080001a3   Thumb Code     0  startup_at32f415cbt7.o(.text)
    DMA1_Channel5_IRQHandler                 0x080001a3   Thumb Code     0  startup_at32f415cbt7.o(.text)
    DMA1_Channel6_IRQHandler                 0x080001a3   Thumb Code     0  startup_at32f415cbt7.o(.text)
    DMA1_Channel7_IRQHandler                 0x080001a3   Thumb Code     0  startup_at32f415cbt7.o(.text)
    DMA2_Channel1_IRQHandler                 0x080001a3   Thumb Code     0  startup_at32f415cbt7.o(.text)
    DMA2_Channel2_IRQHandler                 0x080001a3   Thumb Code     0  startup_at32f415cbt7.o(.text)
    DMA2_Channel3_IRQHandler                 0x080001a3   Thumb Code     0  startup_at32f415cbt7.o(.text)
    DMA2_Channel4_5_IRQHandler               0x080001a3   Thumb Code     0  startup_at32f415cbt7.o(.text)
    DMA2_Channel6_7_IRQHandler               0x080001a3   Thumb Code     0  startup_at32f415cbt7.o(.text)
    ERTCAlarm_IRQHandler                     0x080001a3   Thumb Code     0  startup_at32f415cbt7.o(.text)
    ERTC_WKUP_IRQHandler                     0x080001a3   Thumb Code     0  startup_at32f415cbt7.o(.text)
    EXTI0_IRQHandler                         0x080001a3   Thumb Code     0  startup_at32f415cbt7.o(.text)
    EXTI15_10_IRQHandler                     0x080001a3   Thumb Code     0  startup_at32f415cbt7.o(.text)
    EXTI1_IRQHandler                         0x080001a3   Thumb Code     0  startup_at32f415cbt7.o(.text)
    EXTI2_IRQHandler                         0x080001a3   Thumb Code     0  startup_at32f415cbt7.o(.text)
    EXTI3_IRQHandler                         0x080001a3   Thumb Code     0  startup_at32f415cbt7.o(.text)
    EXTI4_IRQHandler                         0x080001a3   Thumb Code     0  startup_at32f415cbt7.o(.text)
    EXTI9_5_IRQHandler                       0x080001a3   Thumb Code     0  startup_at32f415cbt7.o(.text)
    FLASH_IRQHandler                         0x080001a3   Thumb Code     0  startup_at32f415cbt7.o(.text)
    I2C1_ER_IRQHandler                       0x080001a3   Thumb Code     0  startup_at32f415cbt7.o(.text)
    I2C1_EV_IRQHandler                       0x080001a3   Thumb Code     0  startup_at32f415cbt7.o(.text)
    I2C2_ER_IRQHandler                       0x080001a3   Thumb Code     0  startup_at32f415cbt7.o(.text)
    I2C2_EV_IRQHandler                       0x080001a3   Thumb Code     0  startup_at32f415cbt7.o(.text)
    PVD_IRQHandler                           0x080001a3   Thumb Code     0  startup_at32f415cbt7.o(.text)
    RCC_IRQHandler                           0x080001a3   Thumb Code     0  startup_at32f415cbt7.o(.text)
    SDIO_IRQHandler                          0x080001a3   Thumb Code     0  startup_at32f415cbt7.o(.text)
    SPI1_IRQHandler                          0x080001a3   Thumb Code     0  startup_at32f415cbt7.o(.text)
    SPI2_IRQHandler                          0x080001a3   Thumb Code     0  startup_at32f415cbt7.o(.text)
    TAMP_STAMP_IRQHandler                    0x080001a3   Thumb Code     0  startup_at32f415cbt7.o(.text)
    TMR1_BRK_TMR9_IRQHandler                 0x080001a3   Thumb Code     0  startup_at32f415cbt7.o(.text)
    TMR1_CC_IRQHandler                       0x080001a3   Thumb Code     0  startup_at32f415cbt7.o(.text)
    TMR1_OV_TMR10_IRQHandler                 0x080001a3   Thumb Code     0  startup_at32f415cbt7.o(.text)
    TMR1_TRG_COM_TMR11_IRQHandler            0x080001a3   Thumb Code     0  startup_at32f415cbt7.o(.text)
    TMR2_GLOBAL_IRQHandler                   0x080001a3   Thumb Code     0  startup_at32f415cbt7.o(.text)
    TMR3_GLOBAL_IRQHandler                   0x080001a3   Thumb Code     0  startup_at32f415cbt7.o(.text)
    TMR4_GLOBAL_IRQHandler                   0x080001a3   Thumb Code     0  startup_at32f415cbt7.o(.text)
    TMR5_GLOBAL_IRQHandler                   0x080001a3   Thumb Code     0  startup_at32f415cbt7.o(.text)
    USART1_IRQHandler                        0x080001a3   Thumb Code     0  startup_at32f415cbt7.o(.text)
    USART2_IRQHandler                        0x080001a3   Thumb Code     0  startup_at32f415cbt7.o(.text)
    USART3_IRQHandler                        0x080001a3   Thumb Code     0  startup_at32f415cbt7.o(.text)
    USBOTG_IRQHandler                        0x080001a3   Thumb Code     0  startup_at32f415cbt7.o(.text)
    USBWakeUp_IRQHandler                     0x080001a3   Thumb Code     0  startup_at32f415cbt7.o(.text)
    WWDG_IRQHandler                          0x080001a3   Thumb Code     0  startup_at32f415cbt7.o(.text)
    CPU_IntDis                               0x080001ad   Thumb Code     0  cpu_a.o(.text)
    CPU_IntEn                                0x080001b1   Thumb Code     0  cpu_a.o(.text)
    CPU_SR_Save                              0x080001b5   Thumb Code     0  cpu_a.o(.text)
    CPU_SR_Restore                           0x080001bd   Thumb Code     0  cpu_a.o(.text)
    CPU_WaitForInt                           0x080001c3   Thumb Code     0  cpu_a.o(.text)
    CPU_WaitForExcept                        0x080001c7   Thumb Code     0  cpu_a.o(.text)
    CPU_CntLeadZeros                         0x080001cb   Thumb Code     0  cpu_a.o(.text)
    CPU_CntTrailZeros                        0x080001d1   Thumb Code     0  cpu_a.o(.text)
    CPU_RevBits                              0x080001db   Thumb Code     0  cpu_a.o(.text)
    __scatterload                            0x080001e1   Thumb Code    28  init.o(.text)
    __scatterload_rt2                        0x080001e1   Thumb Code     0  init.o(.text)
    OSStartHighRdy                           0x08000205   Thumb Code     0  os_cpu_a.o(CODE)
    OSCtxSw                                  0x08000227   Thumb Code     0  os_cpu_a.o(CODE)
    OSIntCtxSw                               0x08000231   Thumb Code     0  os_cpu_a.o(CODE)
    PendSV_Handler                           0x0800023b   Thumb Code     0  os_cpu_a.o(CODE)
    BusFault_Handler                         0x0800029d   Thumb Code     4  at32f4xx_it.o(i.BusFault_Handler)
    CPU_TS_TmrRd                             0x080002a1   Thumb Code     6  bsp.o(i.CPU_TS_TmrRd)
    DebugMon_Handler                         0x080002ad   Thumb Code     2  at32f4xx_it.o(i.DebugMon_Handler)
    DelayMS                                  0x080002af   Thumb Code    26  spi_flash.o(i.DelayMS)
    FLASH_ErasePage                          0x080002c9   Thumb Code   152  at32f4xx_flash.o(i.FLASH_ErasePage)
    FLASH_GetBank1Status                     0x08000371   Thumb Code    48  at32f4xx_flash.o(i.FLASH_GetBank1Status)
    FLASH_Init                               0x080003a5   Thumb Code   322  spi_flash.o(i.FLASH_Init)
    FLASH_Lock                               0x0800050d   Thumb Code    14  at32f4xx_flash.o(i.FLASH_Lock)
    FLASH_ProgramByte                        0x08000521   Thumb Code   142  at32f4xx_flash.o(i.FLASH_ProgramByte)
    FLASH_Unlock                             0x080005c1   Thumb Code    12  at32f4xx_flash.o(i.FLASH_Unlock)
    FLASH_WaitForBank1Process                0x080005d9   Thumb Code    38  at32f4xx_flash.o(i.FLASH_WaitForBank1Process)
    FLASH_WaitForProcess                     0x080005ff   Thumb Code    38  at32f4xx_flash.o(i.FLASH_WaitForProcess)
    FLASH_WriteMoreData                      0x08000625   Thumb Code    84  main.o(i.FLASH_WriteMoreData)
    GPIO_Init                                0x0800067d   Thumb Code   278  at32f4xx_gpio.o(i.GPIO_Init)
    GPIO_PinsRemapConfig                     0x08000795   Thumb Code  1002  at32f4xx_gpio.o(i.GPIO_PinsRemapConfig)
    GPIO_ReadInputDataBit                    0x08000b89   Thumb Code    18  at32f4xx_gpio.o(i.GPIO_ReadInputDataBit)
    GPIO_ResetBits                           0x08000b9b   Thumb Code     4  at32f4xx_gpio.o(i.GPIO_ResetBits)
    GPIO_SetBits                             0x08000b9f   Thumb Code     4  at32f4xx_gpio.o(i.GPIO_SetBits)
    HardFault_Handler                        0x08000ba3   Thumb Code     4  at32f4xx_it.o(i.HardFault_Handler)
    Mcu_Io_Init                              0x08000ba9   Thumb Code   388  device.o(i.Mcu_Io_Init)
    MemManage_Handler                        0x08000d41   Thumb Code     4  at32f4xx_it.o(i.MemManage_Handler)
    NMI_Handler                              0x08000d45   Thumb Code     2  at32f4xx_it.o(i.NMI_Handler)
    OSIntEnter                               0x08000d49   Thumb Code    34  os_core.o(i.OSIntEnter)
    OSIntExit                                0x08000d75   Thumb Code   188  os_core.o(i.OSIntExit)
    OSSched                                  0x08000e51   Thumb Code   130  os_core.o(i.OSSched)
    OSSchedLock                              0x08000ef1   Thumb Code   104  os_core.o(i.OSSchedLock)
    OSSchedUnlock                            0x08000f65   Thumb Code   136  os_core.o(i.OSSchedUnlock)
    OSTaskSemPost                            0x08000ff9   Thumb Code    62  os_task.o(i.OSTaskSemPost)
    OSTaskSwHook                             0x08001039   Thumb Code   108  os_cpu_c.o(i.OSTaskSwHook)
    OSTimeDly                                0x080010b1   Thumb Code   172  os_time.o(i.OSTimeDly)
    OSTimeTick                               0x08001169   Thumb Code    50  os_time.o(i.OSTimeTick)
    OSTimeTickHook                           0x080011ad   Thumb Code     2  os_cpu_c.o(i.OSTimeTickHook)
    OS_PendDbgNameRemove                     0x080011b1   Thumb Code    30  os_core.o(i.OS_PendDbgNameRemove)
    OS_PendListRemove                        0x080011d5   Thumb Code    48  os_core.o(i.OS_PendListRemove)
    OS_PendListRemove1                       0x08001205   Thumb Code    66  os_core.o(i.OS_PendListRemove1)
    OS_Post                                  0x08001247   Thumb Code   214  os_core.o(i.OS_Post)
    OS_Post1                                 0x0800131d   Thumb Code    42  os_core.o(i.OS_Post1)
    OS_PrioGetHighest                        0x08001349   Thumb Code    36  os_prio.o(i.OS_PrioGetHighest)
    OS_PrioInsert                            0x08001371   Thumb Code    32  os_prio.o(i.OS_PrioInsert)
    OS_PrioRemove                            0x08001395   Thumb Code    32  os_prio.o(i.OS_PrioRemove)
    OS_RdyListInsert                         0x080013b9   Thumb Code    40  os_core.o(i.OS_RdyListInsert)
    OS_RdyListInsertHead                     0x080013e5   Thumb Code    58  os_core.o(i.OS_RdyListInsertHead)
    OS_RdyListInsertTail                     0x08001425   Thumb Code    56  os_core.o(i.OS_RdyListInsertTail)
    OS_RdyListRemove                         0x08001461   Thumb Code    86  os_core.o(i.OS_RdyListRemove)
    OS_SchedLockTimeMeasStart                0x080014bd   Thumb Code    20  os_core.o(i.OS_SchedLockTimeMeasStart)
    OS_SchedLockTimeMeasStop                 0x080014d9   Thumb Code    44  os_core.o(i.OS_SchedLockTimeMeasStop)
    OS_TaskSemPost                           0x08001515   Thumb Code   448  os_task.o(i.OS_TaskSemPost)
    OS_TickListInsert                        0x080016d9   Thumb Code   134  os_tick.o(i.OS_TickListInsert)
    OS_TickListInsertDly                     0x08001761   Thumb Code   180  os_tick.o(i.OS_TickListInsertDly)
    OS_TickListRemove                        0x0800181d   Thumb Code    88  os_tick.o(i.OS_TickListRemove)
    RCC_APB1PeriphClockCmd                   0x08001875   Thumb Code    26  at32f4xx_rcc.o(i.RCC_APB1PeriphClockCmd)
    RCC_APB2PeriphClockCmd                   0x08001895   Thumb Code    26  at32f4xx_rcc.o(i.RCC_APB2PeriphClockCmd)
    RCC_PLLFrefTableConfig                   0x080018b5   Thumb Code   152  at32f4xx_rcc.o(i.RCC_PLLFrefTableConfig)
    RCC_StepModeCmd                          0x08001979   Thumb Code    32  at32f4xx_rcc.o(i.RCC_StepModeCmd)
    SPI_FLASH_BufferRead                     0x0800199d   Thumb Code    72  spi_flash.o(i.SPI_FLASH_BufferRead)
    SPI_FLASH_BufferWrite                    0x080019e9   Thumb Code   134  spi_flash.o(i.SPI_FLASH_BufferWrite)
    SPI_FLASH_Detect                         0x08001a75   Thumb Code     4  spi_flash.o(i.SPI_FLASH_Detect)
    SPI_FLASH_PageWrite                      0x08001a79   Thumb Code    86  spi_flash.o(i.SPI_FLASH_PageWrite)
    SPI_FLASH_ReadByte                       0x08001ad5   Thumb Code    54  spi_flash.o(i.SPI_FLASH_ReadByte)
    SPI_FLASH_ReadID                         0x08001b11   Thumb Code    68  spi_flash.o(i.SPI_FLASH_ReadID)
    SPI_FLASH_SectorErase                    0x08001b59   Thumb Code    62  spi_flash.o(i.SPI_FLASH_SectorErase)
    SPI_FLASH_SendByte                       0x08001b9d   Thumb Code    62  spi_flash.o(i.SPI_FLASH_SendByte)
    SPI_FLASH_WaitForWriteEnd                0x08001be1   Thumb Code    54  spi_flash.o(i.SPI_FLASH_WaitForWriteEnd)
    SPI_FLASH_WriteDisable                   0x08001c1d   Thumb Code    26  spi_flash.o(i.SPI_FLASH_WriteDisable)
    SPI_FLASH_WriteEnable                    0x08001c3d   Thumb Code    26  spi_flash.o(i.SPI_FLASH_WriteEnable)
    SPI_FLASH_WriteStatus                    0x08001c5d   Thumb Code    78  spi_flash.o(i.SPI_FLASH_WriteStatus)
    Spi_Flash_Io_Init                        0x08001dd5   Thumb Code   140  spi_flash.o(i.Spi_Flash_Io_Init)
    SysTick_CLKSourceConfig                  0x08001e65   Thumb Code    40  misc.o(i.SysTick_CLKSourceConfig)
    SysTick_Handler                          0x08001e8d   Thumb Code    24  delay.o(i.SysTick_Handler)
    SystemInit                               0x08001ea9   Thumb Code   124  system_at32f4xx.o(i.SystemInit)
    SystemReset                              0x08001f45   Thumb Code    68  device.o(i.SystemReset)
    UsageFault_Handler                       0x08001f91   Thumb Code     4  at32f4xx_it.o(i.UsageFault_Handler)
    __scatterload_copy                       0x08001f95   Thumb Code    14  handlers.o(i.__scatterload_copy)
    __scatterload_null                       0x08001fa3   Thumb Code     2  handlers.o(i.__scatterload_null)
    __scatterload_zeroinit                   0x08001fa5   Thumb Code    14  handlers.o(i.__scatterload_zeroinit)
    delay_init                               0x08001fb5   Thumb Code    94  delay.o(i.delay_init)
    delay_m                                  0x08002025   Thumb Code    66  delay.o(i.delay_m)
    delay_osschedlock                        0x08002075   Thumb Code    10  delay.o(i.delay_osschedlock)
    delay_osschedunlock                      0x0800207f   Thumb Code    10  delay.o(i.delay_osschedunlock)
    delay_ostimedly                          0x08002089   Thumb Code    16  delay.o(i.delay_ostimedly)
    delay_u                                  0x08002099   Thumb Code    84  delay.o(i.delay_u)
    fal_partition_read                       0x080020f1   Thumb Code    74  flashdispos.o(i.fal_partition_read)
    fal_partition_write                      0x08002141   Thumb Code    74  flashdispos.o(i.fal_partition_write)
    main                                     0x08002191   Thumb Code   230  main.o(i.main)
    OSCfg_IdleTaskStkBasePtr                 0x08002284   Data           4  os_cfg_app.o(.constdata)
    OSCfg_IdleTaskStkLimit                   0x08002288   Data           4  os_cfg_app.o(.constdata)
    OSCfg_IdleTaskStkSize                    0x0800228c   Data           4  os_cfg_app.o(.constdata)
    OSCfg_IdleTaskStkSizeRAM                 0x08002290   Data           4  os_cfg_app.o(.constdata)
    OSCfg_IntQBasePtr                        0x08002294   Data           4  os_cfg_app.o(.constdata)
    OSCfg_IntQSize                           0x08002298   Data           2  os_cfg_app.o(.constdata)
    OSCfg_IntQSizeRAM                        0x0800229c   Data           4  os_cfg_app.o(.constdata)
    OSCfg_IntQTaskStkBasePtr                 0x080022a0   Data           4  os_cfg_app.o(.constdata)
    OSCfg_IntQTaskStkLimit                   0x080022a4   Data           4  os_cfg_app.o(.constdata)
    OSCfg_IntQTaskStkSize                    0x080022a8   Data           4  os_cfg_app.o(.constdata)
    OSCfg_IntQTaskStkSizeRAM                 0x080022ac   Data           4  os_cfg_app.o(.constdata)
    OSCfg_ISRStkBasePtr                      0x080022b0   Data           4  os_cfg_app.o(.constdata)
    OSCfg_ISRStkSize                         0x080022b4   Data           4  os_cfg_app.o(.constdata)
    OSCfg_ISRStkSizeRAM                      0x080022b8   Data           4  os_cfg_app.o(.constdata)
    OSCfg_MsgPoolSize                        0x080022bc   Data           2  os_cfg_app.o(.constdata)
    OSCfg_MsgPoolSizeRAM                     0x080022c0   Data           4  os_cfg_app.o(.constdata)
    OSCfg_MsgPoolBasePtr                     0x080022c4   Data           4  os_cfg_app.o(.constdata)
    OSCfg_StatTaskPrio                       0x080022c8   Data           1  os_cfg_app.o(.constdata)
    OSCfg_StatTaskRate_Hz                    0x080022cc   Data           4  os_cfg_app.o(.constdata)
    OSCfg_StatTaskStkBasePtr                 0x080022d0   Data           4  os_cfg_app.o(.constdata)
    OSCfg_StatTaskStkLimit                   0x080022d4   Data           4  os_cfg_app.o(.constdata)
    OSCfg_StatTaskStkSize                    0x080022d8   Data           4  os_cfg_app.o(.constdata)
    OSCfg_StatTaskStkSizeRAM                 0x080022dc   Data           4  os_cfg_app.o(.constdata)
    OSCfg_StkSizeMin                         0x080022e0   Data           4  os_cfg_app.o(.constdata)
    OSCfg_TickRate_Hz                        0x080022e4   Data           4  os_cfg_app.o(.constdata)
    OSCfg_TickTaskPrio                       0x080022e8   Data           1  os_cfg_app.o(.constdata)
    OSCfg_TickTaskStkBasePtr                 0x080022ec   Data           4  os_cfg_app.o(.constdata)
    OSCfg_TickTaskStkLimit                   0x080022f0   Data           4  os_cfg_app.o(.constdata)
    OSCfg_TickTaskStkSize                    0x080022f4   Data           4  os_cfg_app.o(.constdata)
    OSCfg_TickTaskStkSizeRAM                 0x080022f8   Data           4  os_cfg_app.o(.constdata)
    OSCfg_TmrTaskPrio                        0x080022fc   Data           1  os_cfg_app.o(.constdata)
    OSCfg_TmrTaskRate_Hz                     0x08002300   Data           4  os_cfg_app.o(.constdata)
    OSCfg_TmrTaskStkBasePtr                  0x08002304   Data           4  os_cfg_app.o(.constdata)
    OSCfg_TmrTaskStkLimit                    0x08002308   Data           4  os_cfg_app.o(.constdata)
    OSCfg_TmrTaskStkSize                     0x0800230c   Data           4  os_cfg_app.o(.constdata)
    OSCfg_TmrTaskStkSizeRAM                  0x08002310   Data           4  os_cfg_app.o(.constdata)
    OSCfg_DataSizeRAM                        0x08002314   Data           4  os_cfg_app.o(.constdata)
    FlashTable                               0x08002318   Data          96  flashdispos.o(.constdata)
    Region$$Table$$Base                      0x08002378   Number         0  anon$$obj.o(Region$$Table)
    Region$$Table$$Limit                     0x08002398   Number         0  anon$$obj.o(Region$$Table)
    OS_CPU_ExceptStkBase                     0x20000000   Data           4  os_cpu_c.o(.data)
    OSPrioTbl                                0x20000004   Data           8  os_prio.o(.data)
    OSIdleTaskCtr                            0x2000000c   Data           4  os_var.o(.data)
    OSIntNestingCtr                          0x20000010   Data           1  os_var.o(.data)
    OSRunning                                0x20000011   Data           1  os_var.o(.data)
    OSFlagDbgListPtr                         0x20000014   Data           4  os_var.o(.data)
    OSFlagQty                                0x20000018   Data           2  os_var.o(.data)
    OSMemDbgListPtr                          0x2000001c   Data           4  os_var.o(.data)
    OSMemQty                                 0x20000020   Data           2  os_var.o(.data)
    OSMutexDbgListPtr                        0x20000024   Data           4  os_var.o(.data)
    OSMutexQty                               0x20000028   Data           2  os_var.o(.data)
    OSPrioCur                                0x2000002a   Data           1  os_var.o(.data)
    OSPrioHighRdy                            0x2000002b   Data           1  os_var.o(.data)
    OSPrioSaved                              0x2000002c   Data           1  os_var.o(.data)
    OSQDbgListPtr                            0x20000030   Data           4  os_var.o(.data)
    OSQQty                                   0x20000034   Data           2  os_var.o(.data)
    OSSchedLockTimeBegin                     0x20000038   Data           4  os_var.o(.data)
    OSSchedLockTimeMax                       0x2000003c   Data           4  os_var.o(.data)
    OSSchedLockTimeMaxCur                    0x20000040   Data           4  os_var.o(.data)
    OSSchedLockNestingCtr                    0x20000044   Data           1  os_var.o(.data)
    OSSemDbgListPtr                          0x20000048   Data           4  os_var.o(.data)
    OSSemQty                                 0x2000004c   Data           2  os_var.o(.data)
    OSStatResetFlag                          0x2000004e   Data           1  os_var.o(.data)
    OSStatTaskCPUUsage                       0x20000050   Data           2  os_var.o(.data)
    OSStatTaskCPUUsageMax                    0x20000052   Data           2  os_var.o(.data)
    OSStatTaskCtr                            0x20000054   Data           4  os_var.o(.data)
    OSStatTaskCtrMax                         0x20000058   Data           4  os_var.o(.data)
    OSStatTaskCtrRun                         0x2000005c   Data           4  os_var.o(.data)
    OSStatTaskRdy                            0x20000060   Data           1  os_var.o(.data)
    OSStatTaskTimeMax                        0x20000064   Data           4  os_var.o(.data)
    OSTaskCtxSwCtr                           0x20000068   Data           4  os_var.o(.data)
    OSTaskDbgListPtr                         0x2000006c   Data           4  os_var.o(.data)
    OSTaskQty                                0x20000070   Data           2  os_var.o(.data)
    OSTaskRegNextAvailID                     0x20000072   Data           1  os_var.o(.data)
    OSTickCtr                                0x20000074   Data           4  os_var.o(.data)
    OSTickTaskTimeMax                        0x20000078   Data           4  os_var.o(.data)
    OSTickListDly                            0x2000007c   Data           8  os_var.o(.data)
    OSTickListTimeout                        0x20000084   Data           8  os_var.o(.data)
    OSTmrDbgListPtr                          0x2000008c   Data           4  os_var.o(.data)
    OSTmrListEntries                         0x20000090   Data           2  os_var.o(.data)
    OSTmrListPtr                             0x20000094   Data           4  os_var.o(.data)
    OSTmrQty                                 0x20000098   Data           2  os_var.o(.data)
    OSTmrTaskTimeMax                         0x2000009c   Data           4  os_var.o(.data)
    OSTmrTickCtr                             0x200000a0   Data           4  os_var.o(.data)
    OSTmrUpdateCnt                           0x200000a4   Data           4  os_var.o(.data)
    OSTmrUpdateCtr                           0x200000a8   Data           4  os_var.o(.data)
    OSTCBCurPtr                              0x200000ac   Data           4  os_var.o(.data)
    OSTCBHighRdyPtr                          0x200000b0   Data           4  os_var.o(.data)
    ConMemoryMax                             0x200000b8   Data           4  spi_flash.o(.data)
    SSTFlashFlag                             0x200000bc   Data           1  spi_flash.o(.data)
    buf                                      0x200000c0   Data        1024  main.o(.bss)
    OSCfg_IdleTaskStk                        0x200004c0   Data         512  os_cfg_app.o(.bss)
    OSCfg_ISRStk                             0x200006c0   Data         512  os_cfg_app.o(.bss)
    OSCfg_MsgPool                            0x200008c0   Data         800  os_cfg_app.o(.bss)
    OSCfg_StatTaskStk                        0x20000be0   Data         512  os_cfg_app.o(.bss)
    OSCfg_TickTaskStk                        0x20000de0   Data         512  os_cfg_app.o(.bss)
    OSCfg_TmrTaskStk                         0x20000fe0   Data         512  os_cfg_app.o(.bss)
    OSIdleTaskTCB                            0x200011e0   Data         184  os_var.o(.bss)
    OSMsgPool                                0x20001298   Data          12  os_var.o(.bss)
    OSRdyList                                0x200012a4   Data         768  os_var.o(.bss)
    OSStatTaskTCB                            0x200015a4   Data         184  os_var.o(.bss)
    OSTickTaskTCB                            0x2000165c   Data         184  os_var.o(.bss)
    OSTmrMutex                               0x20001714   Data          44  os_var.o(.bss)
    OSTmrTaskTCB                             0x20001740   Data         184  os_var.o(.bss)
    dSectorBuffer                            0x200017f8   Data        4096  spi_flash.o(.bss)
    __initial_sp                             0x20002bf8   Data           0  startup_at32f415cbt7.o(STACK)



==============================================================================

Memory Map of the image

  Image Entry point : 0x08000171

  Load Region LR_IROM1 (Base: 0x08000000, Size: 0x00002458, Max: 0x00020000, ABSOLUTE)

    Execution Region ER_IROM1 (Exec base: 0x08000000, Load base: 0x08000000, Size: 0x00002398, Max: 0x00020000, ABSOLUTE)

    Exec Addr    Load Addr    Size         Type   Attr      Idx    E Section Name        Object

    0x08000000   0x08000000   0x00000170   Data   RO          397    RESET               startup_at32f415cbt7.o
    0x08000170   0x08000170   0x00000000   Code   RO         6120  * .ARM.Collect$$$$00000000  mc_w.l(entry.o)
    0x08000170   0x08000170   0x00000004   Code   RO         6386    .ARM.Collect$$$$00000001  mc_w.l(entry2.o)
    0x08000174   0x08000174   0x00000004   Code   RO         6389    .ARM.Collect$$$$00000004  mc_w.l(entry5.o)
    0x08000178   0x08000178   0x00000000   Code   RO         6391    .ARM.Collect$$$$00000008  mc_w.l(entry7b.o)
    0x08000178   0x08000178   0x00000000   Code   RO         6393    .ARM.Collect$$$$0000000A  mc_w.l(entry8b.o)
    0x08000178   0x08000178   0x00000008   Code   RO         6394    .ARM.Collect$$$$0000000B  mc_w.l(entry9a.o)
    0x08000180   0x08000180   0x00000004   Code   RO         6401    .ARM.Collect$$$$0000000E  mc_w.l(entry12b.o)
    0x08000184   0x08000184   0x00000000   Code   RO         6396    .ARM.Collect$$$$0000000F  mc_w.l(entry10a.o)
    0x08000184   0x08000184   0x00000000   Code   RO         6398    .ARM.Collect$$$$00000011  mc_w.l(entry11a.o)
    0x08000184   0x08000184   0x00000004   Code   RO         6387    .ARM.Collect$$$$00002712  mc_w.l(entry2.o)
    0x08000188   0x08000188   0x00000024   Code   RO          398    .text               startup_at32f415cbt7.o
    0x080001ac   0x080001ac   0x00000034   Code   RO         4684    .text               cpu_a.o
    0x080001e0   0x080001e0   0x00000024   Code   RO         6419    .text               mc_w.l(init.o)
    0x08000204   0x08000204   0x00000098   Code   RO         3132    CODE                os_cpu_a.o
    0x0800029c   0x0800029c   0x00000004   Code   RO          292    i.BusFault_Handler  at32f4xx_it.o
    0x080002a0   0x080002a0   0x0000000c   Code   RO         4868    i.CPU_TS_TmrRd      bsp.o
    0x080002ac   0x080002ac   0x00000002   Code   RO          293    i.DebugMon_Handler  at32f4xx_it.o
    0x080002ae   0x080002ae   0x0000001a   Code   RO         5907    i.DelayMS           spi_flash.o
    0x080002c8   0x080002c8   0x000000a8   Code   RO         1236    i.FLASH_ErasePage   at32f4xx_flash.o
    0x08000370   0x08000370   0x00000034   Code   RO         1238    i.FLASH_GetBank1Status  at32f4xx_flash.o
    0x080003a4   0x080003a4   0x00000168   Code   RO         5910    i.FLASH_Init        spi_flash.o
    0x0800050c   0x0800050c   0x00000014   Code   RO         1251    i.FLASH_Lock        at32f4xx_flash.o
    0x08000520   0x08000520   0x000000a0   Code   RO         1254    i.FLASH_ProgramByte  at32f4xx_flash.o
    0x080005c0   0x080005c0   0x00000018   Code   RO         1264    i.FLASH_Unlock      at32f4xx_flash.o
    0x080005d8   0x080005d8   0x00000026   Code   RO         1267    i.FLASH_WaitForBank1Process  at32f4xx_flash.o
    0x080005fe   0x080005fe   0x00000026   Code   RO         1268    i.FLASH_WaitForProcess  at32f4xx_flash.o
    0x08000624   0x08000624   0x00000058   Code   RO            4    i.FLASH_WriteMoreData  main.o
    0x0800067c   0x0800067c   0x00000116   Code   RO          410    i.GPIO_Init         at32f4xx_gpio.o
    0x08000792   0x08000792   0x00000002   PAD
    0x08000794   0x08000794   0x000003f4   Code   RO          412    i.GPIO_PinsRemapConfig  at32f4xx_gpio.o
    0x08000b88   0x08000b88   0x00000012   Code   RO          414    i.GPIO_ReadInputDataBit  at32f4xx_gpio.o
    0x08000b9a   0x08000b9a   0x00000004   Code   RO          418    i.GPIO_ResetBits    at32f4xx_gpio.o
    0x08000b9e   0x08000b9e   0x00000004   Code   RO          419    i.GPIO_SetBits      at32f4xx_gpio.o
    0x08000ba2   0x08000ba2   0x00000004   Code   RO          294    i.HardFault_Handler  at32f4xx_it.o
    0x08000ba6   0x08000ba6   0x00000002   PAD
    0x08000ba8   0x08000ba8   0x00000198   Code   RO         5703    i.Mcu_Io_Init       device.o
    0x08000d40   0x08000d40   0x00000004   Code   RO          295    i.MemManage_Handler  at32f4xx_it.o
    0x08000d44   0x08000d44   0x00000002   Code   RO          296    i.NMI_Handler       at32f4xx_it.o
    0x08000d46   0x08000d46   0x00000002   PAD
    0x08000d48   0x08000d48   0x0000002c   Code   RO         3651    i.OSIntEnter        os_core.o
    0x08000d74   0x08000d74   0x000000dc   Code   RO         3652    i.OSIntExit         os_core.o
    0x08000e50   0x08000e50   0x000000a0   Code   RO         3653    i.OSSched           os_core.o
    0x08000ef0   0x08000ef0   0x00000074   Code   RO         3654    i.OSSchedLock       os_core.o
    0x08000f64   0x08000f64   0x00000094   Code   RO         3655    i.OSSchedUnlock     os_core.o
    0x08000ff8   0x08000ff8   0x0000003e   Code   RO         4333    i.OSTaskSemPost     os_task.o
    0x08001036   0x08001036   0x00000002   PAD
    0x08001038   0x08001038   0x00000078   Code   RO         3142    i.OSTaskSwHook      os_cpu_c.o
    0x080010b0   0x080010b0   0x000000b8   Code   RO         4534    i.OSTimeDly         os_time.o
    0x08001168   0x08001168   0x00000044   Code   RO         4539    i.OSTimeTick        os_time.o
    0x080011ac   0x080011ac   0x00000002   Code   RO         3143    i.OSTimeTickHook    os_cpu_c.o
    0x080011ae   0x080011ae   0x00000002   PAD
    0x080011b0   0x080011b0   0x00000024   Code   RO         3665    i.OS_PendDbgNameRemove  os_core.o
    0x080011d4   0x080011d4   0x00000030   Code   RO         3670    i.OS_PendListRemove  os_core.o
    0x08001204   0x08001204   0x00000042   Code   RO         3671    i.OS_PendListRemove1  os_core.o
    0x08001246   0x08001246   0x000000d6   Code   RO         3674    i.OS_Post           os_core.o
    0x0800131c   0x0800131c   0x0000002a   Code   RO         3675    i.OS_Post1          os_core.o
    0x08001346   0x08001346   0x00000002   PAD
    0x08001348   0x08001348   0x00000028   Code   RO         4109    i.OS_PrioGetHighest  os_prio.o
    0x08001370   0x08001370   0x00000024   Code   RO         4111    i.OS_PrioInsert     os_prio.o
    0x08001394   0x08001394   0x00000024   Code   RO         4112    i.OS_PrioRemove     os_prio.o
    0x080013b8   0x080013b8   0x0000002c   Code   RO         3677    i.OS_RdyListInsert  os_core.o
    0x080013e4   0x080013e4   0x00000040   Code   RO         3678    i.OS_RdyListInsertHead  os_core.o
    0x08001424   0x08001424   0x0000003c   Code   RO         3679    i.OS_RdyListInsertTail  os_core.o
    0x08001460   0x08001460   0x0000005c   Code   RO         3681    i.OS_RdyListRemove  os_core.o
    0x080014bc   0x080014bc   0x0000001c   Code   RO         3682    i.OS_SchedLockTimeMeasStart  os_core.o
    0x080014d8   0x080014d8   0x0000003c   Code   RO         3683    i.OS_SchedLockTimeMeasStop  os_core.o
    0x08001514   0x08001514   0x000001c4   Code   RO         4344    i.OS_TaskSemPost    os_task.o
    0x080016d8   0x080016d8   0x00000086   Code   RO         4482    i.OS_TickListInsert  os_tick.o
    0x0800175e   0x0800175e   0x00000002   PAD
    0x08001760   0x08001760   0x000000bc   Code   RO         4483    i.OS_TickListInsertDly  os_tick.o
    0x0800181c   0x0800181c   0x00000058   Code   RO         4484    i.OS_TickListRemove  os_tick.o
    0x08001874   0x08001874   0x00000020   Code   RO          539    i.RCC_APB1PeriphClockCmd  at32f4xx_rcc.o
    0x08001894   0x08001894   0x00000020   Code   RO          542    i.RCC_APB2PeriphClockCmd  at32f4xx_rcc.o
    0x080018b4   0x080018b4   0x000000c4   Code   RO          565    i.RCC_PLLFrefTableConfig  at32f4xx_rcc.o
    0x08001978   0x08001978   0x00000024   Code   RO          571    i.RCC_StepModeCmd   at32f4xx_rcc.o
    0x0800199c   0x0800199c   0x0000004c   Code   RO         5919    i.SPI_FLASH_BufferRead  spi_flash.o
    0x080019e8   0x080019e8   0x0000008c   Code   RO         5920    i.SPI_FLASH_BufferWrite  spi_flash.o
    0x08001a74   0x08001a74   0x00000004   Code   RO         5923    i.SPI_FLASH_Detect  spi_flash.o
    0x08001a78   0x08001a78   0x0000005c   Code   RO         5924    i.SPI_FLASH_PageWrite  spi_flash.o
    0x08001ad4   0x08001ad4   0x0000003c   Code   RO         5925    i.SPI_FLASH_ReadByte  spi_flash.o
    0x08001b10   0x08001b10   0x00000048   Code   RO         5926    i.SPI_FLASH_ReadID  spi_flash.o
    0x08001b58   0x08001b58   0x00000044   Code   RO         5927    i.SPI_FLASH_SectorErase  spi_flash.o
    0x08001b9c   0x08001b9c   0x00000044   Code   RO         5928    i.SPI_FLASH_SendByte  spi_flash.o
    0x08001be0   0x08001be0   0x0000003c   Code   RO         5929    i.SPI_FLASH_WaitForWriteEnd  spi_flash.o
    0x08001c1c   0x08001c1c   0x00000020   Code   RO         5930    i.SPI_FLASH_WriteDisable  spi_flash.o
    0x08001c3c   0x08001c3c   0x00000020   Code   RO         5931    i.SPI_FLASH_WriteEnable  spi_flash.o
    0x08001c5c   0x08001c5c   0x00000054   Code   RO         5932    i.SPI_FLASH_WriteStatus  spi_flash.o
    0x08001cb0   0x08001cb0   0x00000008   Code   RO          352    i.SetSysClock       system_at32f4xx.o
    0x08001cb8   0x08001cb8   0x0000011c   Code   RO          353    i.SetSysClockTo144M  system_at32f4xx.o
    0x08001dd4   0x08001dd4   0x00000090   Code   RO         5935    i.Spi_Flash_Io_Init  spi_flash.o
    0x08001e64   0x08001e64   0x00000028   Code   RO          972    i.SysTick_CLKSourceConfig  misc.o
    0x08001e8c   0x08001e8c   0x0000001c   Code   RO         5576    i.SysTick_Handler   delay.o
    0x08001ea8   0x08001ea8   0x0000009c   Code   RO          355    i.SystemInit        system_at32f4xx.o
    0x08001f44   0x08001f44   0x0000004c   Code   RO         5704    i.SystemReset       device.o
    0x08001f90   0x08001f90   0x00000004   Code   RO          297    i.UsageFault_Handler  at32f4xx_it.o
    0x08001f94   0x08001f94   0x0000000e   Code   RO         6427    i.__scatterload_copy  mc_w.l(handlers.o)
    0x08001fa2   0x08001fa2   0x00000002   Code   RO         6428    i.__scatterload_null  mc_w.l(handlers.o)
    0x08001fa4   0x08001fa4   0x0000000e   Code   RO         6429    i.__scatterload_zeroinit  mc_w.l(handlers.o)
    0x08001fb2   0x08001fb2   0x00000002   PAD
    0x08001fb4   0x08001fb4   0x00000070   Code   RO         5577    i.delay_init        delay.o
    0x08002024   0x08002024   0x00000050   Code   RO         5578    i.delay_m           delay.o
    0x08002074   0x08002074   0x0000000a   Code   RO         5579    i.delay_osschedlock  delay.o
    0x0800207e   0x0800207e   0x0000000a   Code   RO         5580    i.delay_osschedunlock  delay.o
    0x08002088   0x08002088   0x00000010   Code   RO         5581    i.delay_ostimedly   delay.o
    0x08002098   0x08002098   0x00000058   Code   RO         5582    i.delay_u           delay.o
    0x080020f0   0x080020f0   0x00000050   Code   RO         5882    i.fal_partition_read  flashdispos.o
    0x08002140   0x08002140   0x00000050   Code   RO         5883    i.fal_partition_write  flashdispos.o
    0x08002190   0x08002190   0x000000f4   Code   RO            7    i.main              main.o
    0x08002284   0x08002284   0x00000094   Data   RO         3629    .constdata          os_cfg_app.o
    0x08002318   0x08002318   0x00000060   Data   RO         5884    .constdata          flashdispos.o
    0x08002378   0x08002378   0x00000020   Data   RO         6425    Region$$Table       anon$$obj.o


    Execution Region RW_IRAM1 (Exec base: 0x20000000, Load base: 0x08002398, Size: 0x00002bf8, Max: 0x00008000, ABSOLUTE)

    Exec Addr    Load Addr    Size         Type   Attr      Idx    E Section Name        Object

    0x20000000   0x08002398   0x00000004   Data   RW         3145    .data               os_cpu_c.o
    0x20000004   0x0800239c   0x00000008   Data   RW         4113    .data               os_prio.o
    0x2000000c   0x080023a4   0x000000a8   Data   RW         4671    .data               os_var.o
    0x200000b4   0x0800244c   0x00000004   Data   RW         5583    .data               delay.o
    0x200000b8   0x08002450   0x00000005   Data   RW         5939    .data               spi_flash.o
    0x200000bd   0x08002455   0x00000003   PAD
    0x200000c0        -       0x00000400   Zero   RW            8    .bss                main.o
    0x200004c0        -       0x00000d20   Zero   RW         3628    .bss                os_cfg_app.o
    0x200011e0        -       0x00000618   Zero   RW         4670    .bss                os_var.o
    0x200017f8        -       0x00001000   Zero   RW         5938    .bss                spi_flash.o
    0x200027f8        -       0x00000400   Zero   RW          395    STACK               startup_at32f415cbt7.o


==============================================================================

Image component sizes


      Code (inc. data)   RO Data    RW Data    ZI Data      Debug   Object Name

       500         56          0          0          0       5120   at32f4xx_flash.o
      1316         16          0          0          0       5947   at32f4xx_gpio.o
        20          0          0          0          0       2925   at32f4xx_it.o
       296         60          0          0          0       2957   at32f4xx_rcc.o
        12          6          0          0          0        615   bsp.o
        52          0          0          0          0        472   cpu_a.o
       344         40          0          4          0       5775   delay.o
       484         28          0          0          0      32707   device.o
       160         12         96          0          0       2568   flashdispos.o
         0          0          0          0          0       7980   lib_ascii.o
         0          0          0          0          0       1601   lib_math.o
       332         18          0          0       1024     288706   main.o
        40          0          0          0          0        658   misc.o
         0          0        148          0       3360      18835   os_cfg_app.o
      1442        154          0          0          0      12689   os_core.o
       152         32          0          0          0        532   os_cpu_a.o
       122         12          0          4          0       2399   os_cpu_c.o
       112         12          0          8          0       2940   os_prio.o
       514         12          0          0          0       2701   os_task.o
       410          8          0          0          0       3287   os_tick.o
       252         30          0          0          0       2037   os_time.o
         0          0          0        168       1560      17685   os_var.o
      1318        104          0          5       4096      11963   spi_flash.o
        36          8        368          0       1024        980   startup_at32f415cbt7.o
       448         54          0          0          0       2261   system_at32f4xx.o

    ----------------------------------------------------------------------
      8376        662        644        192      11064     436340   Object Totals
         0          0         32          0          0          0   (incl. Generated)
        14          0          0          3          0          0   (incl. Padding)

    ----------------------------------------------------------------------

      Code (inc. data)   RO Data    RW Data    ZI Data      Debug   Library Member Name

         0          0          0          0          0          0   entry.o
         0          0          0          0          0          0   entry10a.o
         0          0          0          0          0          0   entry11a.o
         4          0          0          0          0          0   entry12b.o
         8          4          0          0          0          0   entry2.o
         4          0          0          0          0          0   entry5.o
         0          0          0          0          0          0   entry7b.o
         0          0          0          0          0          0   entry8b.o
         8          4          0          0          0          0   entry9a.o
        30          0          0          0          0          0   handlers.o
        36          8          0          0          0         68   init.o

    ----------------------------------------------------------------------
        92         16          0          0          0         68   Library Totals
         2          0          0          0          0          0   (incl. Padding)

    ----------------------------------------------------------------------

      Code (inc. data)   RO Data    RW Data    ZI Data      Debug   Library Name

        90         16          0          0          0         68   mc_w.l

    ----------------------------------------------------------------------
        92         16          0          0          0         68   Library Totals

    ----------------------------------------------------------------------

==============================================================================


      Code (inc. data)   RO Data    RW Data    ZI Data      Debug   

      8468        678        644        192      11064     432504   Grand Totals
      8468        678        644        192      11064     432504   ELF Image Totals
      8468        678        644        192          0          0   ROM Totals

==============================================================================

    Total RO  Size (Code + RO Data)                 9112 (   8.90kB)
    Total RW  Size (RW Data + ZI Data)             11256 (  10.99kB)
    Total ROM Size (Code + RO Data + RW Data)       9304 (   9.09kB)

==============================================================================

